21:40:44 **** Incremental Build of configuration Debug for project BER_analyzer ****
make -j12 all 
arm-none-eabi-gcc "../Core/Src/main.c" -mcpu=cortex-m4 -std=gnu11 -g3 -DDEBUG -DUSE_HAL_DRIVER -DSTM32G474xx -c -I../Core/Inc -I../Drivers/STM32G4xx_HAL_Driver/Inc -I../Drivers/STM32G4xx_HAL_Driver/Inc/Legacy -I../Drivers/CMSIS/Device/ST/STM32G4xx/Include -I../Drivers/CMSIS/Include -O0 -ffunction-sections -fdata-sections -Wall -fstack-usage -fcyclomatic-complexity -MMD -MP -MF"Core/Src/main.d" -MT"Core/Src/main.o" --specs=nano.specs -mfpu=fpv4-sp-d16 -mfloat-abi=hard -mthumb -o "Core/Src/main.o"
arm-none-eabi-gcc -o "BER_analyzer.elf" @"objects.list"   -mcpu=cortex-m4 -T"C:\учеба\Laser_communication\BER_analyzer\STM32G474RETX_FLASH.ld" --specs=nosys.specs -Wl,-Map="BER_analyzer.map" -Wl,--gc-sections -static --specs=nano.specs -mfpu=fpv4-sp-d16 -mfloat-abi=hard -mthumb -Wl,--start-group -lc -lm -Wl,--end-group
Finished building target: BER_analyzer.elf
 
arm-none-eabi-size  BER_analyzer.elf 
arm-none-eabi-objdump -h -S BER_analyzer.elf  > "BER_analyzer.list"
   text	   data	    bss	    dec	    hex	filename
  20980	     92	   2412	  23484	   5bbc	BER_analyzer.elf
Finished building: default.size.stdout
 
Finished building: BER_analyzer.list
 

21:40:45 Build Finished. 0 errors, 0 warnings. (took 871ms)

