20:14:58 **** Incremental Build of configuration Debug for project BER_analyzer ****
make -j12 all 
arm-none-eabi-gcc "../Core/Src/main.c" -mcpu=cortex-m4 -std=gnu11 -g3 -DDEBUG -DUSE_HAL_DRIVER -DSTM32G474xx -c -I../Core/Inc -I../Drivers/STM32G4xx_HAL_Driver/Inc -I../Drivers/STM32G4xx_HAL_Driver/Inc/Legacy -I../Drivers/CMSIS/Device/ST/STM32G4xx/Include -I../Drivers/CMSIS/Include -O0 -ffunction-sections -fdata-sections -Wall -fstack-usage -fcyclomatic-complexity -MMD -MP -MF"Core/Src/main.d" -MT"Core/Src/main.o" --specs=nano.specs -mfpu=fpv4-sp-d16 -mfloat-abi=hard -mthumb -o "Core/Src/main.o"
arm-none-eabi-gcc -o "BER_analyzer.elf" @"objects.list"   -mcpu=cortex-m4 -T"C:\учеба\Laser_communication\BER_analyzer\STM32G474RETX_FLASH.ld" --specs=nosys.specs -Wl,-Map="BER_analyzer.map" -Wl,--gc-sections -static --specs=nano.specs -mfpu=fpv4-sp-d16 -mfloat-abi=hard -mthumb -Wl,--start-group -lc -lm -Wl,--end-group
Finished building target: BER_analyzer.elf
 
arm-none-eabi-size  BER_analyzer.elf 
arm-none-eabi-objdump -h -S BER_analyzer.elf  > "BER_analyzer.list"
   text	   data	    bss	    dec	    hex	filename
  21072	     92	   2412	  23576	   5c18	BER_analyzer.elf
Finished building: default.size.stdout
 
Finished building: BER_analyzer.list
 
20:15:01 **** Incremental Build of configuration Debug for project BER_analyzer ****
make -j12 all 
arm-none-eabi-size  BER_analyzer.elf 
   text	   data	    bss	    dec	    hex	filename
  21072	     92	   2412	  23576	   5c18	BER_analyzer.elf
Finished building: default.size.stdout
 
20:15:36 **** Incremental Build of configuration Debug for project BER_analyzer ****
make -j12 all 
arm-none-eabi-size  BER_analyzer.elf 
   text	   data	    bss	    dec	    hex	filename
  21072	     92	   2412	  23576	   5c18	BER_analyzer.elf
Finished building: default.size.stdout
 
20:18:28 **** Incremental Build of configuration Debug for project BER_analyzer ****
make -j12 all 
arm-none-eabi-gcc "../Core/Src/main.c" -mcpu=cortex-m4 -std=gnu11 -g3 -DDEBUG -DUSE_HAL_DRIVER -DSTM32G474xx -c -I../Core/Inc -I../Drivers/STM32G4xx_HAL_Driver/Inc -I../Drivers/STM32G4xx_HAL_Driver/Inc/Legacy -I../Drivers/CMSIS/Device/ST/STM32G4xx/Include -I../Drivers/CMSIS/Include -O0 -ffunction-sections -fdata-sections -Wall -fstack-usage -fcyclomatic-complexity -MMD -MP -MF"Core/Src/main.d" -MT"Core/Src/main.o" --specs=nano.specs -mfpu=fpv4-sp-d16 -mfloat-abi=hard -mthumb -o "Core/Src/main.o"
arm-none-eabi-gcc -o "BER_analyzer.elf" @"objects.list"   -mcpu=cortex-m4 -T"C:\учеба\Laser_communication\BER_analyzer\STM32G474RETX_FLASH.ld" --specs=nosys.specs -Wl,-Map="BER_analyzer.map" -Wl,--gc-sections -static --specs=nano.specs -mfpu=fpv4-sp-d16 -mfloat-abi=hard -mthumb -Wl,--start-group -lc -lm -Wl,--end-group
Finished building target: BER_analyzer.elf
 
arm-none-eabi-size  BER_analyzer.elf 
arm-none-eabi-objdump -h -S BER_analyzer.elf  > "BER_analyzer.list"
   text	   data	    bss	    dec	    hex	filename
  21080	     92	   2412	  23584	   5c20	BER_analyzer.elf
Finished building: default.size.stdout
 
Finished building: BER_analyzer.list
 
20:19:36 **** Incremental Build of configuration Debug for project BER_analyzer ****
make -j12 all 
arm-none-eabi-gcc "../Core/Src/main.c" -mcpu=cortex-m4 -std=gnu11 -g3 -DDEBUG -DUSE_HAL_DRIVER -DSTM32G474xx -c -I../Core/Inc -I../Drivers/STM32G4xx_HAL_Driver/Inc -I../Drivers/STM32G4xx_HAL_Driver/Inc/Legacy -I../Drivers/CMSIS/Device/ST/STM32G4xx/Include -I../Drivers/CMSIS/Include -O0 -ffunction-sections -fdata-sections -Wall -fstack-usage -fcyclomatic-complexity -MMD -MP -MF"Core/Src/main.d" -MT"Core/Src/main.o" --specs=nano.specs -mfpu=fpv4-sp-d16 -mfloat-abi=hard -mthumb -o "Core/Src/main.o"
arm-none-eabi-gcc -o "BER_analyzer.elf" @"objects.list"   -mcpu=cortex-m4 -T"C:\учеба\Laser_communication\BER_analyzer\STM32G474RETX_FLASH.ld" --specs=nosys.specs -Wl,-Map="BER_analyzer.map" -Wl,--gc-sections -static --specs=nano.specs -mfpu=fpv4-sp-d16 -mfloat-abi=hard -mthumb -Wl,--start-group -lc -lm -Wl,--end-group
Finished building target: BER_analyzer.elf
 
arm-none-eabi-size  BER_analyzer.elf 
arm-none-eabi-objdump -h -S BER_analyzer.elf  > "BER_analyzer.list"
   text	   data	    bss	    dec	    hex	filename
  21080	     92	   2412	  23584	   5c20	BER_analyzer.elf
Finished building: default.size.stdout
 
Finished building: BER_analyzer.list
 
20:19:54 **** Incremental Build of configuration Debug for project BER_analyzer ****
make -j12 all 
arm-none-eabi-gcc "../Core/Src/main.c" -mcpu=cortex-m4 -std=gnu11 -g3 -DDEBUG -DUSE_HAL_DRIVER -DSTM32G474xx -c -I../Core/Inc -I../Drivers/STM32G4xx_HAL_Driver/Inc -I../Drivers/STM32G4xx_HAL_Driver/Inc/Legacy -I../Drivers/CMSIS/Device/ST/STM32G4xx/Include -I../Drivers/CMSIS/Include -O0 -ffunction-sections -fdata-sections -Wall -fstack-usage -fcyclomatic-complexity -MMD -MP -MF"Core/Src/main.d" -MT"Core/Src/main.o" --specs=nano.specs -mfpu=fpv4-sp-d16 -mfloat-abi=hard -mthumb -o "Core/Src/main.o"
arm-none-eabi-gcc -o "BER_analyzer.elf" @"objects.list"   -mcpu=cortex-m4 -T"C:\учеба\Laser_communication\BER_analyzer\STM32G474RETX_FLASH.ld" --specs=nosys.specs -Wl,-Map="BER_analyzer.map" -Wl,--gc-sections -static --specs=nano.specs -mfpu=fpv4-sp-d16 -mfloat-abi=hard -mthumb -Wl,--start-group -lc -lm -Wl,--end-group
Finished building target: BER_analyzer.elf
 
arm-none-eabi-size  BER_analyzer.elf 
arm-none-eabi-objdump -h -S BER_analyzer.elf  > "BER_analyzer.list"
   text	   data	    bss	    dec	    hex	filename
  21080	     92	   2412	  23584	   5c20	BER_analyzer.elf
Finished building: default.size.stdout
 
Finished building: BER_analyzer.list
 
20:20:23 **** Incremental Build of configuration Debug for project BER_analyzer ****
make -j12 all 
arm-none-eabi-gcc "../Core/Src/main.c" -mcpu=cortex-m4 -std=gnu11 -g3 -DDEBUG -DUSE_HAL_DRIVER -DSTM32G474xx -c -I../Core/Inc -I../Drivers/STM32G4xx_HAL_Driver/Inc -I../Drivers/STM32G4xx_HAL_Driver/Inc/Legacy -I../Drivers/CMSIS/Device/ST/STM32G4xx/Include -I../Drivers/CMSIS/Include -O0 -ffunction-sections -fdata-sections -Wall -fstack-usage -fcyclomatic-complexity -MMD -MP -MF"Core/Src/main.d" -MT"Core/Src/main.o" --specs=nano.specs -mfpu=fpv4-sp-d16 -mfloat-abi=hard -mthumb -o "Core/Src/main.o"
arm-none-eabi-gcc -o "BER_analyzer.elf" @"objects.list"   -mcpu=cortex-m4 -T"C:\учеба\Laser_communication\BER_analyzer\STM32G474RETX_FLASH.ld" --specs=nosys.specs -Wl,-Map="BER_analyzer.map" -Wl,--gc-sections -static --specs=nano.specs -mfpu=fpv4-sp-d16 -mfloat-abi=hard -mthumb -Wl,--start-group -lc -lm -Wl,--end-group
Finished building target: BER_analyzer.elf
 
arm-none-eabi-size  BER_analyzer.elf 
arm-none-eabi-objdump -h -S BER_analyzer.elf  > "BER_analyzer.list"
   text	   data	    bss	    dec	    hex	filename
  21072	     92	   2412	  23576	   5c18	BER_analyzer.elf
Finished building: default.size.stdout
 
Finished building: BER_analyzer.list
 
20:21:10 **** Incremental Build of configuration Debug for project BER_analyzer ****
make -j12 all 
arm-none-eabi-gcc "../Core/Src/main.c" -mcpu=cortex-m4 -std=gnu11 -g3 -DDEBUG -DUSE_HAL_DRIVER -DSTM32G474xx -c -I../Core/Inc -I../Drivers/STM32G4xx_HAL_Driver/Inc -I../Drivers/STM32G4xx_HAL_Driver/Inc/Legacy -I../Drivers/CMSIS/Device/ST/STM32G4xx/Include -I../Drivers/CMSIS/Include -O0 -ffunction-sections -fdata-sections -Wall -fstack-usage -fcyclomatic-complexity -MMD -MP -MF"Core/Src/main.d" -MT"Core/Src/main.o" --specs=nano.specs -mfpu=fpv4-sp-d16 -mfloat-abi=hard -mthumb -o "Core/Src/main.o"
arm-none-eabi-gcc -o "BER_analyzer.elf" @"objects.list"   -mcpu=cortex-m4 -T"C:\учеба\Laser_communication\BER_analyzer\STM32G474RETX_FLASH.ld" --specs=nosys.specs -Wl,-Map="BER_analyzer.map" -Wl,--gc-sections -static --specs=nano.specs -mfpu=fpv4-sp-d16 -mfloat-abi=hard -mthumb -Wl,--start-group -lc -lm -Wl,--end-group
Finished building target: BER_analyzer.elf
 
arm-none-eabi-size  BER_analyzer.elf 
arm-none-eabi-objdump -h -S BER_analyzer.elf  > "BER_analyzer.list"
   text	   data	    bss	    dec	    hex	filename
  21072	     92	   2412	  23576	   5c18	BER_analyzer.elf
Finished building: default.size.stdout
 
Finished building: BER_analyzer.list
 
20:21:50 **** Incremental Build of configuration Debug for project BER_analyzer ****
make -j12 all 
arm-none-eabi-gcc "../Core/Src/main.c" -mcpu=cortex-m4 -std=gnu11 -g3 -DDEBUG -DUSE_HAL_DRIVER -DSTM32G474xx -c -I../Core/Inc -I../Drivers/STM32G4xx_HAL_Driver/Inc -I../Drivers/STM32G4xx_HAL_Driver/Inc/Legacy -I../Drivers/CMSIS/Device/ST/STM32G4xx/Include -I../Drivers/CMSIS/Include -O0 -ffunction-sections -fdata-sections -Wall -fstack-usage -fcyclomatic-complexity -MMD -MP -MF"Core/Src/main.d" -MT"Core/Src/main.o" --specs=nano.specs -mfpu=fpv4-sp-d16 -mfloat-abi=hard -mthumb -o "Core/Src/main.o"
arm-none-eabi-gcc -o "BER_analyzer.elf" @"objects.list"   -mcpu=cortex-m4 -T"C:\учеба\Laser_communication\BER_analyzer\STM32G474RETX_FLASH.ld" --specs=nosys.specs -Wl,-Map="BER_analyzer.map" -Wl,--gc-sections -static --specs=nano.specs -mfpu=fpv4-sp-d16 -mfloat-abi=hard -mthumb -Wl,--start-group -lc -lm -Wl,--end-group
Finished building target: BER_analyzer.elf
 
arm-none-eabi-size  BER_analyzer.elf 
arm-none-eabi-objdump -h -S BER_analyzer.elf  > "BER_analyzer.list"
   text	   data	    bss	    dec	    hex	filename
  21072	     92	   2412	  23576	   5c18	BER_analyzer.elf
Finished building: default.size.stdout
 
Finished building: BER_analyzer.list
 
20:22:07 **** Incremental Build of configuration Debug for project BER_analyzer ****
make -j12 all 
arm-none-eabi-gcc "../Core/Src/main.c" -mcpu=cortex-m4 -std=gnu11 -g3 -DDEBUG -DUSE_HAL_DRIVER -DSTM32G474xx -c -I../Core/Inc -I../Drivers/STM32G4xx_HAL_Driver/Inc -I../Drivers/STM32G4xx_HAL_Driver/Inc/Legacy -I../Drivers/CMSIS/Device/ST/STM32G4xx/Include -I../Drivers/CMSIS/Include -O0 -ffunction-sections -fdata-sections -Wall -fstack-usage -fcyclomatic-complexity -MMD -MP -MF"Core/Src/main.d" -MT"Core/Src/main.o" --specs=nano.specs -mfpu=fpv4-sp-d16 -mfloat-abi=hard -mthumb -o "Core/Src/main.o"
arm-none-eabi-gcc -o "BER_analyzer.elf" @"objects.list"   -mcpu=cortex-m4 -T"C:\учеба\Laser_communication\BER_analyzer\STM32G474RETX_FLASH.ld" --specs=nosys.specs -Wl,-Map="BER_analyzer.map" -Wl,--gc-sections -static --specs=nano.specs -mfpu=fpv4-sp-d16 -mfloat-abi=hard -mthumb -Wl,--start-group -lc -lm -Wl,--end-group
Finished building target: BER_analyzer.elf
 
arm-none-eabi-size  BER_analyzer.elf 
arm-none-eabi-objdump -h -S BER_analyzer.elf  > "BER_analyzer.list"
   text	   data	    bss	    dec	    hex	filename
  21072	     92	   2412	  23576	   5c18	BER_analyzer.elf
Finished building: default.size.stdout
 
Finished building: BER_analyzer.list
 
20:22:44 **** Incremental Build of configuration Debug for project BER_analyzer ****
make -j12 all 
arm-none-eabi-gcc "../Core/Src/main.c" -mcpu=cortex-m4 -std=gnu11 -g3 -DDEBUG -DUSE_HAL_DRIVER -DSTM32G474xx -c -I../Core/Inc -I../Drivers/STM32G4xx_HAL_Driver/Inc -I../Drivers/STM32G4xx_HAL_Driver/Inc/Legacy -I../Drivers/CMSIS/Device/ST/STM32G4xx/Include -I../Drivers/CMSIS/Include -O0 -ffunction-sections -fdata-sections -Wall -fstack-usage -fcyclomatic-complexity -MMD -MP -MF"Core/Src/main.d" -MT"Core/Src/main.o" --specs=nano.specs -mfpu=fpv4-sp-d16 -mfloat-abi=hard -mthumb -o "Core/Src/main.o"
../Core/Src/main.c: In function 'main':
../Core/Src/main.c:115:11: error: too many arguments to function 'HAL_UART_Receive_IT'
  115 |           HAL_UART_Receive_IT(&huart1, rx_data, 5, 10);
      |           ^~~~~~~~~~~~~~~~~~~
In file included from ../Core/Inc/stm32g4xx_hal_conf.h:348,
                 from ../Drivers/STM32G4xx_HAL_Driver/Inc/stm32g4xx_hal.h:29,
                 from ../Core/Inc/main.h:30,
                 from ../Core/Src/main.c:20:
../Drivers/STM32G4xx_HAL_Driver/Inc/stm32g4xx_hal_uart.h:1636:19: note: declared here
 1636 | HAL_StatusTypeDef HAL_UART_Receive_IT(UART_HandleTypeDef *huart, uint8_t *pData, uint16_t Size);
      |                   ^~~~~~~~~~~~~~~~~~~
make: *** [Core/Src/subdir.mk:34: Core/Src/main.o] Error 1
"make -j12 all" terminated with exit code 2. Build might be incomplete.
20:22:53 **** Incremental Build of configuration Debug for project BER_analyzer ****
make -j12 all 
arm-none-eabi-gcc "../Core/Src/main.c" -mcpu=cortex-m4 -std=gnu11 -g3 -DDEBUG -DUSE_HAL_DRIVER -DSTM32G474xx -c -I../Core/Inc -I../Drivers/STM32G4xx_HAL_Driver/Inc -I../Drivers/STM32G4xx_HAL_Driver/Inc/Legacy -I../Drivers/CMSIS/Device/ST/STM32G4xx/Include -I../Drivers/CMSIS/Include -O0 -ffunction-sections -fdata-sections -Wall -fstack-usage -fcyclomatic-complexity -MMD -MP -MF"Core/Src/main.d" -MT"Core/Src/main.o" --specs=nano.specs -mfpu=fpv4-sp-d16 -mfloat-abi=hard -mthumb -o "Core/Src/main.o"
arm-none-eabi-gcc -o "BER_analyzer.elf" @"objects.list"   -mcpu=cortex-m4 -T"C:\учеба\Laser_communication\BER_analyzer\STM32G474RETX_FLASH.ld" --specs=nosys.specs -Wl,-Map="BER_analyzer.map" -Wl,--gc-sections -static --specs=nano.specs -mfpu=fpv4-sp-d16 -mfloat-abi=hard -mthumb -Wl,--start-group -lc -lm -Wl,--end-group
Finished building target: BER_analyzer.elf
 
arm-none-eabi-size  BER_analyzer.elf 
arm-none-eabi-objdump -h -S BER_analyzer.elf  > "BER_analyzer.list"
   text	   data	    bss	    dec	    hex	filename
  24052	     92	   2412	  26556	   67bc	BER_analyzer.elf
Finished building: default.size.stdout
 
Finished building: BER_analyzer.list
 
20:23:23 **** Incremental Build of configuration Debug for project BER_analyzer ****
make -j12 all 
arm-none-eabi-gcc "../Core/Src/main.c" -mcpu=cortex-m4 -std=gnu11 -g3 -DDEBUG -DUSE_HAL_DRIVER -DSTM32G474xx -c -I../Core/Inc -I../Drivers/STM32G4xx_HAL_Driver/Inc -I../Drivers/STM32G4xx_HAL_Driver/Inc/Legacy -I../Drivers/CMSIS/Device/ST/STM32G4xx/Include -I../Drivers/CMSIS/Include -O0 -ffunction-sections -fdata-sections -Wall -fstack-usage -fcyclomatic-complexity -MMD -MP -MF"Core/Src/main.d" -MT"Core/Src/main.o" --specs=nano.specs -mfpu=fpv4-sp-d16 -mfloat-abi=hard -mthumb -o "Core/Src/main.o"
arm-none-eabi-gcc -o "BER_analyzer.elf" @"objects.list"   -mcpu=cortex-m4 -T"C:\учеба\Laser_communication\BER_analyzer\STM32G474RETX_FLASH.ld" --specs=nosys.specs -Wl,-Map="BER_analyzer.map" -Wl,--gc-sections -static --specs=nano.specs -mfpu=fpv4-sp-d16 -mfloat-abi=hard -mthumb -Wl,--start-group -lc -lm -Wl,--end-group
Finished building target: BER_analyzer.elf
 
arm-none-eabi-size  BER_analyzer.elf 
arm-none-eabi-objdump -h -S BER_analyzer.elf  > "BER_analyzer.list"
   text	   data	    bss	    dec	    hex	filename
  21072	     92	   2412	  23576	   5c18	BER_analyzer.elf
Finished building: default.size.stdout
 
Finished building: BER_analyzer.list
 
20:23:38 **** Incremental Build of configuration Debug for project BER_analyzer ****
make -j12 all 
arm-none-eabi-gcc "../Core/Src/main.c" -mcpu=cortex-m4 -std=gnu11 -g3 -DDEBUG -DUSE_HAL_DRIVER -DSTM32G474xx -c -I../Core/Inc -I../Drivers/STM32G4xx_HAL_Driver/Inc -I../Drivers/STM32G4xx_HAL_Driver/Inc/Legacy -I../Drivers/CMSIS/Device/ST/STM32G4xx/Include -I../Drivers/CMSIS/Include -O0 -ffunction-sections -fdata-sections -Wall -fstack-usage -fcyclomatic-complexity -MMD -MP -MF"Core/Src/main.d" -MT"Core/Src/main.o" --specs=nano.specs -mfpu=fpv4-sp-d16 -mfloat-abi=hard -mthumb -o "Core/Src/main.o"
arm-none-eabi-gcc -o "BER_analyzer.elf" @"objects.list"   -mcpu=cortex-m4 -T"C:\учеба\Laser_communication\BER_analyzer\STM32G474RETX_FLASH.ld" --specs=nosys.specs -Wl,-Map="BER_analyzer.map" -Wl,--gc-sections -static --specs=nano.specs -mfpu=fpv4-sp-d16 -mfloat-abi=hard -mthumb -Wl,--start-group -lc -lm -Wl,--end-group
Finished building target: BER_analyzer.elf
 
arm-none-eabi-size  BER_analyzer.elf 
arm-none-eabi-objdump -h -S BER_analyzer.elf  > "BER_analyzer.list"
   text	   data	    bss	    dec	    hex	filename
  21072	     92	   2412	  23576	   5c18	BER_analyzer.elf
Finished building: default.size.stdout
 
Finished building: BER_analyzer.list
 
20:23:59 **** Incremental Build of configuration Debug for project BER_analyzer ****
make -j12 all 
arm-none-eabi-gcc "../Core/Src/main.c" -mcpu=cortex-m4 -std=gnu11 -g3 -DDEBUG -DUSE_HAL_DRIVER -DSTM32G474xx -c -I../Core/Inc -I../Drivers/STM32G4xx_HAL_Driver/Inc -I../Drivers/STM32G4xx_HAL_Driver/Inc/Legacy -I../Drivers/CMSIS/Device/ST/STM32G4xx/Include -I../Drivers/CMSIS/Include -O0 -ffunction-sections -fdata-sections -Wall -fstack-usage -fcyclomatic-complexity -MMD -MP -MF"Core/Src/main.d" -MT"Core/Src/main.o" --specs=nano.specs -mfpu=fpv4-sp-d16 -mfloat-abi=hard -mthumb -o "Core/Src/main.o"
arm-none-eabi-gcc -o "BER_analyzer.elf" @"objects.list"   -mcpu=cortex-m4 -T"C:\учеба\Laser_communication\BER_analyzer\STM32G474RETX_FLASH.ld" --specs=nosys.specs -Wl,-Map="BER_analyzer.map" -Wl,--gc-sections -static --specs=nano.specs -mfpu=fpv4-sp-d16 -mfloat-abi=hard -mthumb -Wl,--start-group -lc -lm -Wl,--end-group
Finished building target: BER_analyzer.elf
 
arm-none-eabi-size  BER_analyzer.elf 
arm-none-eabi-objdump -h -S BER_analyzer.elf  > "BER_analyzer.list"
   text	   data	    bss	    dec	    hex	filename
  21072	     92	   2412	  23576	   5c18	BER_analyzer.elf
Finished building: default.size.stdout
 
Finished building: BER_analyzer.list
 
20:25:21 **** Incremental Build of configuration Debug for project BER_analyzer ****
make -j12 all 
arm-none-eabi-gcc "../Core/Src/main.c" -mcpu=cortex-m4 -std=gnu11 -g3 -DDEBUG -DUSE_HAL_DRIVER -DSTM32G474xx -c -I../Core/Inc -I../Drivers/STM32G4xx_HAL_Driver/Inc -I../Drivers/STM32G4xx_HAL_Driver/Inc/Legacy -I../Drivers/CMSIS/Device/ST/STM32G4xx/Include -I../Drivers/CMSIS/Include -O0 -ffunction-sections -fdata-sections -Wall -fstack-usage -fcyclomatic-complexity -MMD -MP -MF"Core/Src/main.d" -MT"Core/Src/main.o" --specs=nano.specs -mfpu=fpv4-sp-d16 -mfloat-abi=hard -mthumb -o "Core/Src/main.o"
../Core/Src/main.c: In function 'main':
../Core/Src/main.c:115:11: warning: implicit declaration of function 'sprintf' [-Wimplicit-function-declaration]
  115 |           sprintf(tx_buffer, "%d", (uint8_t)rx_data[0]);
      |           ^~~~~~~
../Core/Src/main.c:21:1: note: include '<stdio.h>' or provide a declaration of 'sprintf'
   20 | #include "main.h"
  +++ |+#include <stdio.h>
   21 | 
../Core/Src/main.c:115:11: warning: incompatible implicit declaration of built-in function 'sprintf' [-Wbuiltin-declaration-mismatch]
  115 |           sprintf(tx_buffer, "%d", (uint8_t)rx_data[0]);
      |           ^~~~~~~
../Core/Src/main.c:115:11: note: include '<stdio.h>' or provide a declaration of 'sprintf'
arm-none-eabi-gcc -o "BER_analyzer.elf" @"objects.list"   -mcpu=cortex-m4 -T"C:\учеба\Laser_communication\BER_analyzer\STM32G474RETX_FLASH.ld" --specs=nosys.specs -Wl,-Map="BER_analyzer.map" -Wl,--gc-sections -static --specs=nano.specs -mfpu=fpv4-sp-d16 -mfloat-abi=hard -mthumb -Wl,--start-group -lc -lm -Wl,--end-group
Finished building target: BER_analyzer.elf
 
arm-none-eabi-size  BER_analyzer.elf 
arm-none-eabi-objdump -h -S BER_analyzer.elf  > "BER_analyzer.list"
   text	   data	    bss	    dec	    hex	filename
  21072	     92	   2412	  23576	   5c18	BER_analyzer.elf
Finished building: default.size.stdout
 
Finished building: BER_analyzer.list
 
20:26:06 **** Incremental Build of configuration Debug for project BER_analyzer ****
make -j12 all 
arm-none-eabi-gcc "../Core/Src/main.c" -mcpu=cortex-m4 -std=gnu11 -g3 -DDEBUG -DUSE_HAL_DRIVER -DSTM32G474xx -c -I../Core/Inc -I../Drivers/STM32G4xx_HAL_Driver/Inc -I../Drivers/STM32G4xx_HAL_Driver/Inc/Legacy -I../Drivers/CMSIS/Device/ST/STM32G4xx/Include -I../Drivers/CMSIS/Include -O0 -ffunction-sections -fdata-sections -Wall -fstack-usage -fcyclomatic-complexity -MMD -MP -MF"Core/Src/main.d" -MT"Core/Src/main.o" --specs=nano.specs -mfpu=fpv4-sp-d16 -mfloat-abi=hard -mthumb -o "Core/Src/main.o"
../Core/Src/main.c: In function 'main':
../Core/Src/main.c:115:11: warning: implicit declaration of function 'sprintf' [-Wimplicit-function-declaration]
  115 |           sprintf(tx_buffer, "%d", (uint8_t)rx_data[0]);
      |           ^~~~~~~
../Core/Src/main.c:21:1: note: include '<stdio.h>' or provide a declaration of 'sprintf'
   20 | #include "main.h"
  +++ |+#include <stdio.h>
   21 | 
../Core/Src/main.c:115:11: warning: incompatible implicit declaration of built-in function 'sprintf' [-Wbuiltin-declaration-mismatch]
  115 |           sprintf(tx_buffer, "%d", (uint8_t)rx_data[0]);
      |           ^~~~~~~
../Core/Src/main.c:115:11: note: include '<stdio.h>' or provide a declaration of 'sprintf'
arm-none-eabi-gcc -o "BER_analyzer.elf" @"objects.list"   -mcpu=cortex-m4 -T"C:\учеба\Laser_communication\BER_analyzer\STM32G474RETX_FLASH.ld" --specs=nosys.specs -Wl,-Map="BER_analyzer.map" -Wl,--gc-sections -static --specs=nano.specs -mfpu=fpv4-sp-d16 -mfloat-abi=hard -mthumb -Wl,--start-group -lc -lm -Wl,--end-group
Finished building target: BER_analyzer.elf
 
arm-none-eabi-size  BER_analyzer.elf 
arm-none-eabi-objdump -h -S BER_analyzer.elf  > "BER_analyzer.list"
   text	   data	    bss	    dec	    hex	filename
  21072	     92	   2412	  23576	   5c18	BER_analyzer.elf
Finished building: default.size.stdout
 
Finished building: BER_analyzer.list
 
20:26:30 **** Incremental Build of configuration Debug for project BER_analyzer ****
make -j12 all 
arm-none-eabi-gcc "../Core/Src/main.c" -mcpu=cortex-m4 -std=gnu11 -g3 -DDEBUG -DUSE_HAL_DRIVER -DSTM32G474xx -c -I../Core/Inc -I../Drivers/STM32G4xx_HAL_Driver/Inc -I../Drivers/STM32G4xx_HAL_Driver/Inc/Legacy -I../Drivers/CMSIS/Device/ST/STM32G4xx/Include -I../Drivers/CMSIS/Include -O0 -ffunction-sections -fdata-sections -Wall -fstack-usage -fcyclomatic-complexity -MMD -MP -MF"Core/Src/main.d" -MT"Core/Src/main.o" --specs=nano.specs -mfpu=fpv4-sp-d16 -mfloat-abi=hard -mthumb -o "Core/Src/main.o"
arm-none-eabi-gcc -o "BER_analyzer.elf" @"objects.list"   -mcpu=cortex-m4 -T"C:\учеба\Laser_communication\BER_analyzer\STM32G474RETX_FLASH.ld" --specs=nosys.specs -Wl,-Map="BER_analyzer.map" -Wl,--gc-sections -static --specs=nano.specs -mfpu=fpv4-sp-d16 -mfloat-abi=hard -mthumb -Wl,--start-group -lc -lm -Wl,--end-group
Finished building target: BER_analyzer.elf
 
arm-none-eabi-size  BER_analyzer.elf 
arm-none-eabi-objdump -h -S BER_analyzer.elf  > "BER_analyzer.list"
   text	   data	    bss	    dec	    hex	filename
  21072	     92	   2412	  23576	   5c18	BER_analyzer.elf
Finished building: default.size.stdout
 
Finished building: BER_analyzer.list
 
20:30:08 **** Incremental Build of configuration Debug for project BER_analyzer ****
make -j12 all 
arm-none-eabi-gcc "../Core/Src/main.c" -mcpu=cortex-m4 -std=gnu11 -g3 -DDEBUG -DUSE_HAL_DRIVER -DSTM32G474xx -c -I../Core/Inc -I../Drivers/STM32G4xx_HAL_Driver/Inc -I../Drivers/STM32G4xx_HAL_Driver/Inc/Legacy -I../Drivers/CMSIS/Device/ST/STM32G4xx/Include -I../Drivers/CMSIS/Include -O0 -ffunction-sections -fdata-sections -Wall -fstack-usage -fcyclomatic-complexity -MMD -MP -MF"Core/Src/main.d" -MT"Core/Src/main.o" --specs=nano.specs -mfpu=fpv4-sp-d16 -mfloat-abi=hard -mthumb -o "Core/Src/main.o"
arm-none-eabi-gcc -o "BER_analyzer.elf" @"objects.list"   -mcpu=cortex-m4 -T"C:\учеба\Laser_communication\BER_analyzer\STM32G474RETX_FLASH.ld" --specs=nosys.specs -Wl,-Map="BER_analyzer.map" -Wl,--gc-sections -static --specs=nano.specs -mfpu=fpv4-sp-d16 -mfloat-abi=hard -mthumb -Wl,--start-group -lc -lm -Wl,--end-group
Finished building target: BER_analyzer.elf
 
arm-none-eabi-size  BER_analyzer.elf 
arm-none-eabi-objdump -h -S BER_analyzer.elf  > "BER_analyzer.list"
   text	   data	    bss	    dec	    hex	filename
  21072	     92	   2412	  23576	   5c18	BER_analyzer.elf
Finished building: default.size.stdout
 
Finished building: BER_analyzer.list
 
20:35:18 **** Incremental Build of configuration Debug for project BER_analyzer ****
make -j12 all 
arm-none-eabi-gcc "../Core/Src/main.c" -mcpu=cortex-m4 -std=gnu11 -g3 -DDEBUG -DUSE_HAL_DRIVER -DSTM32G474xx -c -I../Core/Inc -I../Drivers/STM32G4xx_HAL_Driver/Inc -I../Drivers/STM32G4xx_HAL_Driver/Inc/Legacy -I../Drivers/CMSIS/Device/ST/STM32G4xx/Include -I../Drivers/CMSIS/Include -O0 -ffunction-sections -fdata-sections -Wall -fstack-usage -fcyclomatic-complexity -MMD -MP -MF"Core/Src/main.d" -MT"Core/Src/main.o" --specs=nano.specs -mfpu=fpv4-sp-d16 -mfloat-abi=hard -mthumb -o "Core/Src/main.o"
arm-none-eabi-gcc -o "BER_analyzer.elf" @"objects.list"   -mcpu=cortex-m4 -T"C:\учеба\Laser_communication\BER_analyzer\STM32G474RETX_FLASH.ld" --specs=nosys.specs -Wl,-Map="BER_analyzer.map" -Wl,--gc-sections -static --specs=nano.specs -mfpu=fpv4-sp-d16 -mfloat-abi=hard -mthumb -Wl,--start-group -lc -lm -Wl,--end-group
Finished building target: BER_analyzer.elf
 
arm-none-eabi-size  BER_analyzer.elf 
arm-none-eabi-objdump -h -S BER_analyzer.elf  > "BER_analyzer.list"
   text	   data	    bss	    dec	    hex	filename
  21072	     92	   2412	  23576	   5c18	BER_analyzer.elf
Finished building: default.size.stdout
 
Finished building: BER_analyzer.list
 
20:37:08 **** Incremental Build of configuration Debug for project BER_analyzer ****
make -j12 all 
arm-none-eabi-gcc "../Core/Src/main.c" -mcpu=cortex-m4 -std=gnu11 -g3 -DDEBUG -DUSE_HAL_DRIVER -DSTM32G474xx -c -I../Core/Inc -I../Drivers/STM32G4xx_HAL_Driver/Inc -I../Drivers/STM32G4xx_HAL_Driver/Inc/Legacy -I../Drivers/CMSIS/Device/ST/STM32G4xx/Include -I../Drivers/CMSIS/Include -O0 -ffunction-sections -fdata-sections -Wall -fstack-usage -fcyclomatic-complexity -MMD -MP -MF"Core/Src/main.d" -MT"Core/Src/main.o" --specs=nano.specs -mfpu=fpv4-sp-d16 -mfloat-abi=hard -mthumb -o "Core/Src/main.o"
arm-none-eabi-gcc -o "BER_analyzer.elf" @"objects.list"   -mcpu=cortex-m4 -T"C:\учеба\Laser_communication\BER_analyzer\STM32G474RETX_FLASH.ld" --specs=nosys.specs -Wl,-Map="BER_analyzer.map" -Wl,--gc-sections -static --specs=nano.specs -mfpu=fpv4-sp-d16 -mfloat-abi=hard -mthumb -Wl,--start-group -lc -lm -Wl,--end-group
Finished building target: BER_analyzer.elf
 
arm-none-eabi-size  BER_analyzer.elf 
arm-none-eabi-objdump -h -S BER_analyzer.elf  > "BER_analyzer.list"
   text	   data	    bss	    dec	    hex	filename
  21072	     92	   2412	  23576	   5c18	BER_analyzer.elf
Finished building: default.size.stdout
 
Finished building: BER_analyzer.list
 
20:37:27 **** Incremental Build of configuration Debug for project BER_analyzer ****
make -j12 all 
arm-none-eabi-gcc "../Core/Src/main.c" -mcpu=cortex-m4 -std=gnu11 -g3 -DDEBUG -DUSE_HAL_DRIVER -DSTM32G474xx -c -I../Core/Inc -I../Drivers/STM32G4xx_HAL_Driver/Inc -I../Drivers/STM32G4xx_HAL_Driver/Inc/Legacy -I../Drivers/CMSIS/Device/ST/STM32G4xx/Include -I../Drivers/CMSIS/Include -O0 -ffunction-sections -fdata-sections -Wall -fstack-usage -fcyclomatic-complexity -MMD -MP -MF"Core/Src/main.d" -MT"Core/Src/main.o" --specs=nano.specs -mfpu=fpv4-sp-d16 -mfloat-abi=hard -mthumb -o "Core/Src/main.o"
arm-none-eabi-gcc -o "BER_analyzer.elf" @"objects.list"   -mcpu=cortex-m4 -T"C:\учеба\Laser_communication\BER_analyzer\STM32G474RETX_FLASH.ld" --specs=nosys.specs -Wl,-Map="BER_analyzer.map" -Wl,--gc-sections -static --specs=nano.specs -mfpu=fpv4-sp-d16 -mfloat-abi=hard -mthumb -Wl,--start-group -lc -lm -Wl,--end-group
Finished building target: BER_analyzer.elf
 
arm-none-eabi-size  BER_analyzer.elf 
arm-none-eabi-objdump -h -S BER_analyzer.elf  > "BER_analyzer.list"
   text	   data	    bss	    dec	    hex	filename
  21080	     92	   2412	  23584	   5c20	BER_analyzer.elf
Finished building: default.size.stdout
 
Finished building: BER_analyzer.list
 
20:38:14 **** Incremental Build of configuration Debug for project BER_analyzer ****
make -j12 all 
arm-none-eabi-gcc "../Core/Src/main.c" -mcpu=cortex-m4 -std=gnu11 -g3 -DDEBUG -DUSE_HAL_DRIVER -DSTM32G474xx -c -I../Core/Inc -I../Drivers/STM32G4xx_HAL_Driver/Inc -I../Drivers/STM32G4xx_HAL_Driver/Inc/Legacy -I../Drivers/CMSIS/Device/ST/STM32G4xx/Include -I../Drivers/CMSIS/Include -O0 -ffunction-sections -fdata-sections -Wall -fstack-usage -fcyclomatic-complexity -MMD -MP -MF"Core/Src/main.d" -MT"Core/Src/main.o" --specs=nano.specs -mfpu=fpv4-sp-d16 -mfloat-abi=hard -mthumb -o "Core/Src/main.o"
arm-none-eabi-gcc -o "BER_analyzer.elf" @"objects.list"   -mcpu=cortex-m4 -T"C:\учеба\Laser_communication\BER_analyzer\STM32G474RETX_FLASH.ld" --specs=nosys.specs -Wl,-Map="BER_analyzer.map" -Wl,--gc-sections -static --specs=nano.specs -mfpu=fpv4-sp-d16 -mfloat-abi=hard -mthumb -Wl,--start-group -lc -lm -Wl,--end-group
Finished building target: BER_analyzer.elf
 
arm-none-eabi-size  BER_analyzer.elf 
arm-none-eabi-objdump -h -S BER_analyzer.elf  > "BER_analyzer.list"
   text	   data	    bss	    dec	    hex	filename
  21072	     92	   2412	  23576	   5c18	BER_analyzer.elf
Finished building: default.size.stdout
 
Finished building: BER_analyzer.list
 
20:39:43 **** Incremental Build of configuration Debug for project BER_analyzer ****
make -j12 all 
arm-none-eabi-size  BER_analyzer.elf 
   text	   data	    bss	    dec	    hex	filename
  21072	     92	   2412	  23576	   5c18	BER_analyzer.elf
Finished building: default.size.stdout
 
20:39:58 **** Incremental Build of configuration Debug for project BER_analyzer ****
make -j12 all 
arm-none-eabi-size  BER_analyzer.elf 
   text	   data	    bss	    dec	    hex	filename
  21072	     92	   2412	  23576	   5c18	BER_analyzer.elf
Finished building: default.size.stdout
 
20:41:10 **** Incremental Build of configuration Debug for project BER_analyzer ****
make -j12 all 
arm-none-eabi-gcc "../Core/Src/main.c" -mcpu=cortex-m4 -std=gnu11 -g3 -DDEBUG -DUSE_HAL_DRIVER -DSTM32G474xx -c -I../Core/Inc -I../Drivers/STM32G4xx_HAL_Driver/Inc -I../Drivers/STM32G4xx_HAL_Driver/Inc/Legacy -I../Drivers/CMSIS/Device/ST/STM32G4xx/Include -I../Drivers/CMSIS/Include -O0 -ffunction-sections -fdata-sections -Wall -fstack-usage -fcyclomatic-complexity -MMD -MP -MF"Core/Src/main.d" -MT"Core/Src/main.o" --specs=nano.specs -mfpu=fpv4-sp-d16 -mfloat-abi=hard -mthumb -o "Core/Src/main.o"
arm-none-eabi-gcc -o "BER_analyzer.elf" @"objects.list"   -mcpu=cortex-m4 -T"C:\учеба\Laser_communication\BER_analyzer\STM32G474RETX_FLASH.ld" --specs=nosys.specs -Wl,-Map="BER_analyzer.map" -Wl,--gc-sections -static --specs=nano.specs -mfpu=fpv4-sp-d16 -mfloat-abi=hard -mthumb -Wl,--start-group -lc -lm -Wl,--end-group
Finished building target: BER_analyzer.elf
 
arm-none-eabi-size  BER_analyzer.elf 
arm-none-eabi-objdump -h -S BER_analyzer.elf  > "BER_analyzer.list"
   text	   data	    bss	    dec	    hex	filename
  21056	     92	   2412	  23560	   5c08	BER_analyzer.elf
Finished building: default.size.stdout
 
Finished building: BER_analyzer.list
 
20:51:01 **** Incremental Build of configuration Debug for project BER_analyzer ****
make -j12 all 
arm-none-eabi-gcc "../Core/Src/main.c" -mcpu=cortex-m4 -std=gnu11 -g3 -DDEBUG -DUSE_HAL_DRIVER -DSTM32G474xx -c -I../Core/Inc -I../Drivers/STM32G4xx_HAL_Driver/Inc -I../Drivers/STM32G4xx_HAL_Driver/Inc/Legacy -I../Drivers/CMSIS/Device/ST/STM32G4xx/Include -I../Drivers/CMSIS/Include -O0 -ffunction-sections -fdata-sections -Wall -fstack-usage -fcyclomatic-complexity -MMD -MP -MF"Core/Src/main.d" -MT"Core/Src/main.o" --specs=nano.specs -mfpu=fpv4-sp-d16 -mfloat-abi=hard -mthumb -o "Core/Src/main.o"
arm-none-eabi-gcc -o "BER_analyzer.elf" @"objects.list"   -mcpu=cortex-m4 -T"C:\учеба\Laser_communication\BER_analyzer\STM32G474RETX_FLASH.ld" --specs=nosys.specs -Wl,-Map="BER_analyzer.map" -Wl,--gc-sections -static --specs=nano.specs -mfpu=fpv4-sp-d16 -mfloat-abi=hard -mthumb -Wl,--start-group -lc -lm -Wl,--end-group
Finished building target: BER_analyzer.elf
 
arm-none-eabi-size  BER_analyzer.elf 
arm-none-eabi-objdump -h -S BER_analyzer.elf  > "BER_analyzer.list"
   text	   data	    bss	    dec	    hex	filename
  21060	     92	   2412	  23564	   5c0c	BER_analyzer.elf
Finished building: default.size.stdout
 
Finished building: BER_analyzer.list
 
20:53:57 **** Incremental Build of configuration Debug for project BER_analyzer ****
make -j12 all 
arm-none-eabi-gcc "../Core/Src/main.c" -mcpu=cortex-m4 -std=gnu11 -g3 -DDEBUG -DUSE_HAL_DRIVER -DSTM32G474xx -c -I../Core/Inc -I../Drivers/STM32G4xx_HAL_Driver/Inc -I../Drivers/STM32G4xx_HAL_Driver/Inc/Legacy -I../Drivers/CMSIS/Device/ST/STM32G4xx/Include -I../Drivers/CMSIS/Include -O0 -ffunction-sections -fdata-sections -Wall -fstack-usage -fcyclomatic-complexity -MMD -MP -MF"Core/Src/main.d" -MT"Core/Src/main.o" --specs=nano.specs -mfpu=fpv4-sp-d16 -mfloat-abi=hard -mthumb -o "Core/Src/main.o"
arm-none-eabi-gcc -o "BER_analyzer.elf" @"objects.list"   -mcpu=cortex-m4 -T"C:\учеба\Laser_communication\BER_analyzer\STM32G474RETX_FLASH.ld" --specs=nosys.specs -Wl,-Map="BER_analyzer.map" -Wl,--gc-sections -static --specs=nano.specs -mfpu=fpv4-sp-d16 -mfloat-abi=hard -mthumb -Wl,--start-group -lc -lm -Wl,--end-group
Finished building target: BER_analyzer.elf
 
arm-none-eabi-size  BER_analyzer.elf 
arm-none-eabi-objdump -h -S BER_analyzer.elf  > "BER_analyzer.list"
   text	   data	    bss	    dec	    hex	filename
  21060	     92	   2412	  23564	   5c0c	BER_analyzer.elf
Finished building: default.size.stdout
 
Finished building: BER_analyzer.list
 
20:54:22 **** Incremental Build of configuration Debug for project BER_analyzer ****
make -j12 all 
arm-none-eabi-gcc "../Core/Src/main.c" -mcpu=cortex-m4 -std=gnu11 -g3 -DDEBUG -DUSE_HAL_DRIVER -DSTM32G474xx -c -I../Core/Inc -I../Drivers/STM32G4xx_HAL_Driver/Inc -I../Drivers/STM32G4xx_HAL_Driver/Inc/Legacy -I../Drivers/CMSIS/Device/ST/STM32G4xx/Include -I../Drivers/CMSIS/Include -O0 -ffunction-sections -fdata-sections -Wall -fstack-usage -fcyclomatic-complexity -MMD -MP -MF"Core/Src/main.d" -MT"Core/Src/main.o" --specs=nano.specs -mfpu=fpv4-sp-d16 -mfloat-abi=hard -mthumb -o "Core/Src/main.o"
arm-none-eabi-gcc -o "BER_analyzer.elf" @"objects.list"   -mcpu=cortex-m4 -T"C:\учеба\Laser_communication\BER_analyzer\STM32G474RETX_FLASH.ld" --specs=nosys.specs -Wl,-Map="BER_analyzer.map" -Wl,--gc-sections -static --specs=nano.specs -mfpu=fpv4-sp-d16 -mfloat-abi=hard -mthumb -Wl,--start-group -lc -lm -Wl,--end-group
Finished building target: BER_analyzer.elf
 
arm-none-eabi-size  BER_analyzer.elf 
arm-none-eabi-objdump -h -S BER_analyzer.elf  > "BER_analyzer.list"
   text	   data	    bss	    dec	    hex	filename
  21060	     92	   2412	  23564	   5c0c	BER_analyzer.elf
Finished building: default.size.stdout
 
Finished building: BER_analyzer.list
 
20:57:58 **** Incremental Build of configuration Debug for project BER_analyzer ****
make -j12 all 
arm-none-eabi-gcc "../Core/Src/main.c" -mcpu=cortex-m4 -std=gnu11 -g3 -DDEBUG -DUSE_HAL_DRIVER -DSTM32G474xx -c -I../Core/Inc -I../Drivers/STM32G4xx_HAL_Driver/Inc -I../Drivers/STM32G4xx_HAL_Driver/Inc/Legacy -I../Drivers/CMSIS/Device/ST/STM32G4xx/Include -I../Drivers/CMSIS/Include -O0 -ffunction-sections -fdata-sections -Wall -fstack-usage -fcyclomatic-complexity -MMD -MP -MF"Core/Src/main.d" -MT"Core/Src/main.o" --specs=nano.specs -mfpu=fpv4-sp-d16 -mfloat-abi=hard -mthumb -o "Core/Src/main.o"
arm-none-eabi-gcc -o "BER_analyzer.elf" @"objects.list"   -mcpu=cortex-m4 -T"C:\учеба\Laser_communication\BER_analyzer\STM32G474RETX_FLASH.ld" --specs=nosys.specs -Wl,-Map="BER_analyzer.map" -Wl,--gc-sections -static --specs=nano.specs -mfpu=fpv4-sp-d16 -mfloat-abi=hard -mthumb -Wl,--start-group -lc -lm -Wl,--end-group
Finished building target: BER_analyzer.elf
 
arm-none-eabi-size  BER_analyzer.elf 
arm-none-eabi-objdump -h -S BER_analyzer.elf  > "BER_analyzer.list"
   text	   data	    bss	    dec	    hex	filename
  21076	     92	   2412	  23580	   5c1c	BER_analyzer.elf
Finished building: default.size.stdout
 
Finished building: BER_analyzer.list
 
20:58:15 **** Incremental Build of configuration Debug for project BER_analyzer ****
make -j12 all 
arm-none-eabi-size  BER_analyzer.elf 
   text	   data	    bss	    dec	    hex	filename
  21076	     92	   2412	  23580	   5c1c	BER_analyzer.elf
Finished building: default.size.stdout
 
20:58:28 **** Incremental Build of configuration Debug for project BER_analyzer ****
make -j12 all 
arm-none-eabi-size  BER_analyzer.elf 
   text	   data	    bss	    dec	    hex	filename
  21076	     92	   2412	  23580	   5c1c	BER_analyzer.elf
Finished building: default.size.stdout
 
21:03:32 **** Incremental Build of configuration Debug for project BER_analyzer ****
make -j12 all 
arm-none-eabi-gcc "../Core/Src/main.c" -mcpu=cortex-m4 -std=gnu11 -g3 -DDEBUG -DUSE_HAL_DRIVER -DSTM32G474xx -c -I../Core/Inc -I../Drivers/STM32G4xx_HAL_Driver/Inc -I../Drivers/STM32G4xx_HAL_Driver/Inc/Legacy -I../Drivers/CMSIS/Device/ST/STM32G4xx/Include -I../Drivers/CMSIS/Include -O0 -ffunction-sections -fdata-sections -Wall -fstack-usage -fcyclomatic-complexity -MMD -MP -MF"Core/Src/main.d" -MT"Core/Src/main.o" --specs=nano.specs -mfpu=fpv4-sp-d16 -mfloat-abi=hard -mthumb -o "Core/Src/main.o"
arm-none-eabi-gcc -o "BER_analyzer.elf" @"objects.list"   -mcpu=cortex-m4 -T"C:\учеба\Laser_communication\BER_analyzer\STM32G474RETX_FLASH.ld" --specs=nosys.specs -Wl,-Map="BER_analyzer.map" -Wl,--gc-sections -static --specs=nano.specs -mfpu=fpv4-sp-d16 -mfloat-abi=hard -mthumb -Wl,--start-group -lc -lm -Wl,--end-group
Finished building target: BER_analyzer.elf
 
arm-none-eabi-size  BER_analyzer.elf 
arm-none-eabi-objdump -h -S BER_analyzer.elf  > "BER_analyzer.list"
   text	   data	    bss	    dec	    hex	filename
  21076	     92	   2412	  23580	   5c1c	BER_analyzer.elf
Finished building: default.size.stdout
 
Finished building: BER_analyzer.list
 
21:04:13 **** Incremental Build of configuration Debug for project BER_analyzer ****
make -j12 all 
arm-none-eabi-gcc "../Core/Src/main.c" -mcpu=cortex-m4 -std=gnu11 -g3 -DDEBUG -DUSE_HAL_DRIVER -DSTM32G474xx -c -I../Core/Inc -I../Drivers/STM32G4xx_HAL_Driver/Inc -I../Drivers/STM32G4xx_HAL_Driver/Inc/Legacy -I../Drivers/CMSIS/Device/ST/STM32G4xx/Include -I../Drivers/CMSIS/Include -O0 -ffunction-sections -fdata-sections -Wall -fstack-usage -fcyclomatic-complexity -MMD -MP -MF"Core/Src/main.d" -MT"Core/Src/main.o" --specs=nano.specs -mfpu=fpv4-sp-d16 -mfloat-abi=hard -mthumb -o "Core/Src/main.o"
arm-none-eabi-gcc -o "BER_analyzer.elf" @"objects.list"   -mcpu=cortex-m4 -T"C:\учеба\Laser_communication\BER_analyzer\STM32G474RETX_FLASH.ld" --specs=nosys.specs -Wl,-Map="BER_analyzer.map" -Wl,--gc-sections -static --specs=nano.specs -mfpu=fpv4-sp-d16 -mfloat-abi=hard -mthumb -Wl,--start-group -lc -lm -Wl,--end-group
Finished building target: BER_analyzer.elf
 
arm-none-eabi-size  BER_analyzer.elf 
arm-none-eabi-objdump -h -S BER_analyzer.elf  > "BER_analyzer.list"
   text	   data	    bss	    dec	    hex	filename
  21076	     92	   2412	  23580	   5c1c	BER_analyzer.elf
Finished building: default.size.stdout
 
Finished building: BER_analyzer.list
 
21:05:07 **** Incremental Build of configuration Debug for project BER_analyzer ****
make -j12 all 
arm-none-eabi-gcc "../Core/Src/main.c" -mcpu=cortex-m4 -std=gnu11 -g3 -DDEBUG -DUSE_HAL_DRIVER -DSTM32G474xx -c -I../Core/Inc -I../Drivers/STM32G4xx_HAL_Driver/Inc -I../Drivers/STM32G4xx_HAL_Driver/Inc/Legacy -I../Drivers/CMSIS/Device/ST/STM32G4xx/Include -I../Drivers/CMSIS/Include -O0 -ffunction-sections -fdata-sections -Wall -fstack-usage -fcyclomatic-complexity -MMD -MP -MF"Core/Src/main.d" -MT"Core/Src/main.o" --specs=nano.specs -mfpu=fpv4-sp-d16 -mfloat-abi=hard -mthumb -o "Core/Src/main.o"
arm-none-eabi-gcc -o "BER_analyzer.elf" @"objects.list"   -mcpu=cortex-m4 -T"C:\учеба\Laser_communication\BER_analyzer\STM32G474RETX_FLASH.ld" --specs=nosys.specs -Wl,-Map="BER_analyzer.map" -Wl,--gc-sections -static --specs=nano.specs -mfpu=fpv4-sp-d16 -mfloat-abi=hard -mthumb -Wl,--start-group -lc -lm -Wl,--end-group
Finished building target: BER_analyzer.elf
 
arm-none-eabi-size  BER_analyzer.elf 
arm-none-eabi-objdump -h -S BER_analyzer.elf  > "BER_analyzer.list"
   text	   data	    bss	    dec	    hex	filename
  21076	     92	   2412	  23580	   5c1c	BER_analyzer.elf
Finished building: default.size.stdout
 
Finished building: BER_analyzer.list
 
21:05:29 **** Incremental Build of configuration Debug for project BER_analyzer ****
make -j12 all 
arm-none-eabi-gcc "../Core/Src/main.c" -mcpu=cortex-m4 -std=gnu11 -g3 -DDEBUG -DUSE_HAL_DRIVER -DSTM32G474xx -c -I../Core/Inc -I../Drivers/STM32G4xx_HAL_Driver/Inc -I../Drivers/STM32G4xx_HAL_Driver/Inc/Legacy -I../Drivers/CMSIS/Device/ST/STM32G4xx/Include -I../Drivers/CMSIS/Include -O0 -ffunction-sections -fdata-sections -Wall -fstack-usage -fcyclomatic-complexity -MMD -MP -MF"Core/Src/main.d" -MT"Core/Src/main.o" --specs=nano.specs -mfpu=fpv4-sp-d16 -mfloat-abi=hard -mthumb -o "Core/Src/main.o"
arm-none-eabi-gcc -o "BER_analyzer.elf" @"objects.list"   -mcpu=cortex-m4 -T"C:\учеба\Laser_communication\BER_analyzer\STM32G474RETX_FLASH.ld" --specs=nosys.specs -Wl,-Map="BER_analyzer.map" -Wl,--gc-sections -static --specs=nano.specs -mfpu=fpv4-sp-d16 -mfloat-abi=hard -mthumb -Wl,--start-group -lc -lm -Wl,--end-group
Finished building target: BER_analyzer.elf
 
arm-none-eabi-size  BER_analyzer.elf 
arm-none-eabi-objdump -h -S BER_analyzer.elf  > "BER_analyzer.list"
   text	   data	    bss	    dec	    hex	filename
  21076	     92	   2412	  23580	   5c1c	BER_analyzer.elf
Finished building: default.size.stdout
 
Finished building: BER_analyzer.list
 
21:06:56 **** Incremental Build of configuration Debug for project BER_analyzer ****
make -j12 all 
arm-none-eabi-gcc "../Core/Src/main.c" -mcpu=cortex-m4 -std=gnu11 -g3 -DDEBUG -DUSE_HAL_DRIVER -DSTM32G474xx -c -I../Core/Inc -I../Drivers/STM32G4xx_HAL_Driver/Inc -I../Drivers/STM32G4xx_HAL_Driver/Inc/Legacy -I../Drivers/CMSIS/Device/ST/STM32G4xx/Include -I../Drivers/CMSIS/Include -O0 -ffunction-sections -fdata-sections -Wall -fstack-usage -fcyclomatic-complexity -MMD -MP -MF"Core/Src/main.d" -MT"Core/Src/main.o" --specs=nano.specs -mfpu=fpv4-sp-d16 -mfloat-abi=hard -mthumb -o "Core/Src/main.o"
arm-none-eabi-gcc -o "BER_analyzer.elf" @"objects.list"   -mcpu=cortex-m4 -T"C:\учеба\Laser_communication\BER_analyzer\STM32G474RETX_FLASH.ld" --specs=nosys.specs -Wl,-Map="BER_analyzer.map" -Wl,--gc-sections -static --specs=nano.specs -mfpu=fpv4-sp-d16 -mfloat-abi=hard -mthumb -Wl,--start-group -lc -lm -Wl,--end-group
Finished building target: BER_analyzer.elf
 
arm-none-eabi-size  BER_analyzer.elf 
arm-none-eabi-objdump -h -S BER_analyzer.elf  > "BER_analyzer.list"
   text	   data	    bss	    dec	    hex	filename
  21076	     92	   2412	  23580	   5c1c	BER_analyzer.elf
Finished building: default.size.stdout
 
Finished building: BER_analyzer.list
 
21:07:24 **** Incremental Build of configuration Debug for project BER_analyzer ****
make -j12 all 
arm-none-eabi-gcc "../Core/Src/main.c" -mcpu=cortex-m4 -std=gnu11 -g3 -DDEBUG -DUSE_HAL_DRIVER -DSTM32G474xx -c -I../Core/Inc -I../Drivers/STM32G4xx_HAL_Driver/Inc -I../Drivers/STM32G4xx_HAL_Driver/Inc/Legacy -I../Drivers/CMSIS/Device/ST/STM32G4xx/Include -I../Drivers/CMSIS/Include -O0 -ffunction-sections -fdata-sections -Wall -fstack-usage -fcyclomatic-complexity -MMD -MP -MF"Core/Src/main.d" -MT"Core/Src/main.o" --specs=nano.specs -mfpu=fpv4-sp-d16 -mfloat-abi=hard -mthumb -o "Core/Src/main.o"
arm-none-eabi-gcc -o "BER_analyzer.elf" @"objects.list"   -mcpu=cortex-m4 -T"C:\учеба\Laser_communication\BER_analyzer\STM32G474RETX_FLASH.ld" --specs=nosys.specs -Wl,-Map="BER_analyzer.map" -Wl,--gc-sections -static --specs=nano.specs -mfpu=fpv4-sp-d16 -mfloat-abi=hard -mthumb -Wl,--start-group -lc -lm -Wl,--end-group
Finished building target: BER_analyzer.elf
 
arm-none-eabi-size  BER_analyzer.elf 
arm-none-eabi-objdump -h -S BER_analyzer.elf  > "BER_analyzer.list"
   text	   data	    bss	    dec	    hex	filename
  21076	     92	   2412	  23580	   5c1c	BER_analyzer.elf
Finished building: default.size.stdout
 
Finished building: BER_analyzer.list
 
21:16:25 **** Incremental Build of configuration Debug for project BER_analyzer ****
make -j12 all 
arm-none-eabi-gcc "../Core/Src/main.c" -mcpu=cortex-m4 -std=gnu11 -g3 -DDEBUG -DUSE_HAL_DRIVER -DSTM32G474xx -c -I../Core/Inc -I../Drivers/STM32G4xx_HAL_Driver/Inc -I../Drivers/STM32G4xx_HAL_Driver/Inc/Legacy -I../Drivers/CMSIS/Device/ST/STM32G4xx/Include -I../Drivers/CMSIS/Include -O0 -ffunction-sections -fdata-sections -Wall -fstack-usage -fcyclomatic-complexity -MMD -MP -MF"Core/Src/main.d" -MT"Core/Src/main.o" --specs=nano.specs -mfpu=fpv4-sp-d16 -mfloat-abi=hard -mthumb -o "Core/Src/main.o"
arm-none-eabi-gcc -o "BER_analyzer.elf" @"objects.list"   -mcpu=cortex-m4 -T"C:\учеба\Laser_communication\BER_analyzer\STM32G474RETX_FLASH.ld" --specs=nosys.specs -Wl,-Map="BER_analyzer.map" -Wl,--gc-sections -static --specs=nano.specs -mfpu=fpv4-sp-d16 -mfloat-abi=hard -mthumb -Wl,--start-group -lc -lm -Wl,--end-group
Finished building target: BER_analyzer.elf
 
arm-none-eabi-size  BER_analyzer.elf 
arm-none-eabi-objdump -h -S BER_analyzer.elf  > "BER_analyzer.list"
   text	   data	    bss	    dec	    hex	filename
  21076	     92	   2412	  23580	   5c1c	BER_analyzer.elf
Finished building: default.size.stdout
 
Finished building: BER_analyzer.list
 
21:16:51 **** Incremental Build of configuration Debug for project BER_analyzer ****
make -j12 all 
arm-none-eabi-gcc "../Core/Src/main.c" -mcpu=cortex-m4 -std=gnu11 -g3 -DDEBUG -DUSE_HAL_DRIVER -DSTM32G474xx -c -I../Core/Inc -I../Drivers/STM32G4xx_HAL_Driver/Inc -I../Drivers/STM32G4xx_HAL_Driver/Inc/Legacy -I../Drivers/CMSIS/Device/ST/STM32G4xx/Include -I../Drivers/CMSIS/Include -O0 -ffunction-sections -fdata-sections -Wall -fstack-usage -fcyclomatic-complexity -MMD -MP -MF"Core/Src/main.d" -MT"Core/Src/main.o" --specs=nano.specs -mfpu=fpv4-sp-d16 -mfloat-abi=hard -mthumb -o "Core/Src/main.o"
arm-none-eabi-gcc -o "BER_analyzer.elf" @"objects.list"   -mcpu=cortex-m4 -T"C:\учеба\Laser_communication\BER_analyzer\STM32G474RETX_FLASH.ld" --specs=nosys.specs -Wl,-Map="BER_analyzer.map" -Wl,--gc-sections -static --specs=nano.specs -mfpu=fpv4-sp-d16 -mfloat-abi=hard -mthumb -Wl,--start-group -lc -lm -Wl,--end-group
Finished building target: BER_analyzer.elf
 
arm-none-eabi-size  BER_analyzer.elf 
arm-none-eabi-objdump -h -S BER_analyzer.elf  > "BER_analyzer.list"
   text	   data	    bss	    dec	    hex	filename
  21076	     92	   2412	  23580	   5c1c	BER_analyzer.elf
Finished building: default.size.stdout
 
Finished building: BER_analyzer.list
 
21:17:08 **** Incremental Build of configuration Debug for project BER_analyzer ****
make -j12 all 
arm-none-eabi-gcc "../Core/Src/main.c" -mcpu=cortex-m4 -std=gnu11 -g3 -DDEBUG -DUSE_HAL_DRIVER -DSTM32G474xx -c -I../Core/Inc -I../Drivers/STM32G4xx_HAL_Driver/Inc -I../Drivers/STM32G4xx_HAL_Driver/Inc/Legacy -I../Drivers/CMSIS/Device/ST/STM32G4xx/Include -I../Drivers/CMSIS/Include -O0 -ffunction-sections -fdata-sections -Wall -fstack-usage -fcyclomatic-complexity -MMD -MP -MF"Core/Src/main.d" -MT"Core/Src/main.o" --specs=nano.specs -mfpu=fpv4-sp-d16 -mfloat-abi=hard -mthumb -o "Core/Src/main.o"
arm-none-eabi-gcc -o "BER_analyzer.elf" @"objects.list"   -mcpu=cortex-m4 -T"C:\учеба\Laser_communication\BER_analyzer\STM32G474RETX_FLASH.ld" --specs=nosys.specs -Wl,-Map="BER_analyzer.map" -Wl,--gc-sections -static --specs=nano.specs -mfpu=fpv4-sp-d16 -mfloat-abi=hard -mthumb -Wl,--start-group -lc -lm -Wl,--end-group
Finished building target: BER_analyzer.elf
 
arm-none-eabi-size  BER_analyzer.elf 
arm-none-eabi-objdump -h -S BER_analyzer.elf  > "BER_analyzer.list"
   text	   data	    bss	    dec	    hex	filename
  21076	     92	   2412	  23580	   5c1c	BER_analyzer.elf
Finished building: default.size.stdout
 
Finished building: BER_analyzer.list
 
21:21:35 **** Incremental Build of configuration Debug for project BER_analyzer ****
make -j12 all 
arm-none-eabi-gcc "../Core/Src/stm32g4xx_hal_msp.c" -mcpu=cortex-m4 -std=gnu11 -g3 -DDEBUG -DUSE_HAL_DRIVER -DSTM32G474xx -c -I../Core/Inc -I../Drivers/STM32G4xx_HAL_Driver/Inc -I../Drivers/STM32G4xx_HAL_Driver/Inc/Legacy -I../Drivers/CMSIS/Device/ST/STM32G4xx/Include -I../Drivers/CMSIS/Include -O0 -ffunction-sections -fdata-sections -Wall -fstack-usage -fcyclomatic-complexity -MMD -MP -MF"Core/Src/stm32g4xx_hal_msp.d" -MT"Core/Src/stm32g4xx_hal_msp.o" --specs=nano.specs -mfpu=fpv4-sp-d16 -mfloat-abi=hard -mthumb -o "Core/Src/stm32g4xx_hal_msp.o"
arm-none-eabi-gcc -o "BER_analyzer.elf" @"objects.list"   -mcpu=cortex-m4 -T"C:\учеба\Laser_communication\BER_analyzer\STM32G474RETX_FLASH.ld" --specs=nosys.specs -Wl,-Map="BER_analyzer.map" -Wl,--gc-sections -static --specs=nano.specs -mfpu=fpv4-sp-d16 -mfloat-abi=hard -mthumb -Wl,--start-group -lc -lm -Wl,--end-group
Finished building target: BER_analyzer.elf
 
arm-none-eabi-size  BER_analyzer.elf 
arm-none-eabi-objdump -h -S BER_analyzer.elf  > "BER_analyzer.list"
   text	   data	    bss	    dec	    hex	filename
  21076	     92	   2412	  23580	   5c1c	BER_analyzer.elf
Finished building: default.size.stdout
 
Finished building: BER_analyzer.list
 
21:21:48 **** Incremental Build of configuration Debug for project BER_analyzer ****
make -j12 all 
arm-none-eabi-gcc "../Core/Src/main.c" -mcpu=cortex-m4 -std=gnu11 -g3 -DDEBUG -DUSE_HAL_DRIVER -DSTM32G474xx -c -I../Core/Inc -I../Drivers/STM32G4xx_HAL_Driver/Inc -I../Drivers/STM32G4xx_HAL_Driver/Inc/Legacy -I../Drivers/CMSIS/Device/ST/STM32G4xx/Include -I../Drivers/CMSIS/Include -O0 -ffunction-sections -fdata-sections -Wall -fstack-usage -fcyclomatic-complexity -MMD -MP -MF"Core/Src/main.d" -MT"Core/Src/main.o" --specs=nano.specs -mfpu=fpv4-sp-d16 -mfloat-abi=hard -mthumb -o "Core/Src/main.o"
arm-none-eabi-gcc -o "BER_analyzer.elf" @"objects.list"   -mcpu=cortex-m4 -T"C:\учеба\Laser_communication\BER_analyzer\STM32G474RETX_FLASH.ld" --specs=nosys.specs -Wl,-Map="BER_analyzer.map" -Wl,--gc-sections -static --specs=nano.specs -mfpu=fpv4-sp-d16 -mfloat-abi=hard -mthumb -Wl,--start-group -lc -lm -Wl,--end-group
Finished building target: BER_analyzer.elf
 
arm-none-eabi-size  BER_analyzer.elf 
arm-none-eabi-objdump -h -S BER_analyzer.elf  > "BER_analyzer.list"
   text	   data	    bss	    dec	    hex	filename
  21076	     92	   2412	  23580	   5c1c	BER_analyzer.elf
Finished building: default.size.stdout
 
Finished building: BER_analyzer.list
 
21:23:33 **** Incremental Build of configuration Debug for project BER_analyzer ****
make -j12 all 
arm-none-eabi-gcc "../Core/Src/main.c" -mcpu=cortex-m4 -std=gnu11 -g3 -DDEBUG -DUSE_HAL_DRIVER -DSTM32G474xx -c -I../Core/Inc -I../Drivers/STM32G4xx_HAL_Driver/Inc -I../Drivers/STM32G4xx_HAL_Driver/Inc/Legacy -I../Drivers/CMSIS/Device/ST/STM32G4xx/Include -I../Drivers/CMSIS/Include -O0 -ffunction-sections -fdata-sections -Wall -fstack-usage -fcyclomatic-complexity -MMD -MP -MF"Core/Src/main.d" -MT"Core/Src/main.o" --specs=nano.specs -mfpu=fpv4-sp-d16 -mfloat-abi=hard -mthumb -o "Core/Src/main.o"
arm-none-eabi-gcc -o "BER_analyzer.elf" @"objects.list"   -mcpu=cortex-m4 -T"C:\учеба\Laser_communication\BER_analyzer\STM32G474RETX_FLASH.ld" --specs=nosys.specs -Wl,-Map="BER_analyzer.map" -Wl,--gc-sections -static --specs=nano.specs -mfpu=fpv4-sp-d16 -mfloat-abi=hard -mthumb -Wl,--start-group -lc -lm -Wl,--end-group
Finished building target: BER_analyzer.elf
 
arm-none-eabi-size  BER_analyzer.elf 
arm-none-eabi-objdump -h -S BER_analyzer.elf  > "BER_analyzer.list"
   text	   data	    bss	    dec	    hex	filename
  21076	     92	   2412	  23580	   5c1c	BER_analyzer.elf
Finished building: default.size.stdout
 
Finished building: BER_analyzer.list
 
21:25:14 **** Incremental Build of configuration Debug for project BER_analyzer ****
make -j12 all 
arm-none-eabi-gcc "../Core/Src/main.c" -mcpu=cortex-m4 -std=gnu11 -g3 -DDEBUG -DUSE_HAL_DRIVER -DSTM32G474xx -c -I../Core/Inc -I../Drivers/STM32G4xx_HAL_Driver/Inc -I../Drivers/STM32G4xx_HAL_Driver/Inc/Legacy -I../Drivers/CMSIS/Device/ST/STM32G4xx/Include -I../Drivers/CMSIS/Include -O0 -ffunction-sections -fdata-sections -Wall -fstack-usage -fcyclomatic-complexity -MMD -MP -MF"Core/Src/main.d" -MT"Core/Src/main.o" --specs=nano.specs -mfpu=fpv4-sp-d16 -mfloat-abi=hard -mthumb -o "Core/Src/main.o"
arm-none-eabi-gcc -o "BER_analyzer.elf" @"objects.list"   -mcpu=cortex-m4 -T"C:\учеба\Laser_communication\BER_analyzer\STM32G474RETX_FLASH.ld" --specs=nosys.specs -Wl,-Map="BER_analyzer.map" -Wl,--gc-sections -static --specs=nano.specs -mfpu=fpv4-sp-d16 -mfloat-abi=hard -mthumb -Wl,--start-group -lc -lm -Wl,--end-group
Finished building target: BER_analyzer.elf
 
arm-none-eabi-size  BER_analyzer.elf 
arm-none-eabi-objdump -h -S BER_analyzer.elf  > "BER_analyzer.list"
   text	   data	    bss	    dec	    hex	filename
  21076	     92	   2412	  23580	   5c1c	BER_analyzer.elf
Finished building: default.size.stdout
 
Finished building: BER_analyzer.list
 
21:27:25 **** Incremental Build of configuration Debug for project BER_analyzer ****
make -j12 all 
arm-none-eabi-gcc "../Core/Src/main.c" -mcpu=cortex-m4 -std=gnu11 -g3 -DDEBUG -DUSE_HAL_DRIVER -DSTM32G474xx -c -I../Core/Inc -I../Drivers/STM32G4xx_HAL_Driver/Inc -I../Drivers/STM32G4xx_HAL_Driver/Inc/Legacy -I../Drivers/CMSIS/Device/ST/STM32G4xx/Include -I../Drivers/CMSIS/Include -O0 -ffunction-sections -fdata-sections -Wall -fstack-usage -fcyclomatic-complexity -MMD -MP -MF"Core/Src/main.d" -MT"Core/Src/main.o" --specs=nano.specs -mfpu=fpv4-sp-d16 -mfloat-abi=hard -mthumb -o "Core/Src/main.o"
arm-none-eabi-gcc -o "BER_analyzer.elf" @"objects.list"   -mcpu=cortex-m4 -T"C:\учеба\Laser_communication\BER_analyzer\STM32G474RETX_FLASH.ld" --specs=nosys.specs -Wl,-Map="BER_analyzer.map" -Wl,--gc-sections -static --specs=nano.specs -mfpu=fpv4-sp-d16 -mfloat-abi=hard -mthumb -Wl,--start-group -lc -lm -Wl,--end-group
Finished building target: BER_analyzer.elf
 
arm-none-eabi-size  BER_analyzer.elf 
arm-none-eabi-objdump -h -S BER_analyzer.elf  > "BER_analyzer.list"
   text	   data	    bss	    dec	    hex	filename
  21076	     92	   2412	  23580	   5c1c	BER_analyzer.elf
Finished building: default.size.stdout
 
Finished building: BER_analyzer.list
 
21:28:24 **** Incremental Build of configuration Debug for project BER_analyzer ****
make -j12 all 
arm-none-eabi-gcc "../Core/Src/main.c" -mcpu=cortex-m4 -std=gnu11 -g3 -DDEBUG -DUSE_HAL_DRIVER -DSTM32G474xx -c -I../Core/Inc -I../Drivers/STM32G4xx_HAL_Driver/Inc -I../Drivers/STM32G4xx_HAL_Driver/Inc/Legacy -I../Drivers/CMSIS/Device/ST/STM32G4xx/Include -I../Drivers/CMSIS/Include -O0 -ffunction-sections -fdata-sections -Wall -fstack-usage -fcyclomatic-complexity -MMD -MP -MF"Core/Src/main.d" -MT"Core/Src/main.o" --specs=nano.specs -mfpu=fpv4-sp-d16 -mfloat-abi=hard -mthumb -o "Core/Src/main.o"
arm-none-eabi-gcc -o "BER_analyzer.elf" @"objects.list"   -mcpu=cortex-m4 -T"C:\учеба\Laser_communication\BER_analyzer\STM32G474RETX_FLASH.ld" --specs=nosys.specs -Wl,-Map="BER_analyzer.map" -Wl,--gc-sections -static --specs=nano.specs -mfpu=fpv4-sp-d16 -mfloat-abi=hard -mthumb -Wl,--start-group -lc -lm -Wl,--end-group
Finished building target: BER_analyzer.elf
 
arm-none-eabi-size  BER_analyzer.elf 
arm-none-eabi-objdump -h -S BER_analyzer.elf  > "BER_analyzer.list"
   text	   data	    bss	    dec	    hex	filename
  21076	     92	   2412	  23580	   5c1c	BER_analyzer.elf
Finished building: default.size.stdout
 
Finished building: BER_analyzer.list
 
21:30:59 **** Incremental Build of configuration Debug for project BER_analyzer ****
make -j12 all 
arm-none-eabi-size  BER_analyzer.elf 
   text	   data	    bss	    dec	    hex	filename
  21076	     92	   2412	  23580	   5c1c	BER_analyzer.elf
Finished building: default.size.stdout
 
21:32:38 **** Incremental Build of configuration Debug for project BER_analyzer ****
make -j12 all 
arm-none-eabi-gcc "../Core/Src/main.c" -mcpu=cortex-m4 -std=gnu11 -g3 -DDEBUG -DUSE_HAL_DRIVER -DSTM32G474xx -c -I../Core/Inc -I../Drivers/STM32G4xx_HAL_Driver/Inc -I../Drivers/STM32G4xx_HAL_Driver/Inc/Legacy -I../Drivers/CMSIS/Device/ST/STM32G4xx/Include -I../Drivers/CMSIS/Include -O0 -ffunction-sections -fdata-sections -Wall -fstack-usage -fcyclomatic-complexity -MMD -MP -MF"Core/Src/main.d" -MT"Core/Src/main.o" --specs=nano.specs -mfpu=fpv4-sp-d16 -mfloat-abi=hard -mthumb -o "Core/Src/main.o"
arm-none-eabi-gcc -o "BER_analyzer.elf" @"objects.list"   -mcpu=cortex-m4 -T"C:\учеба\Laser_communication\BER_analyzer\STM32G474RETX_FLASH.ld" --specs=nosys.specs -Wl,-Map="BER_analyzer.map" -Wl,--gc-sections -static --specs=nano.specs -mfpu=fpv4-sp-d16 -mfloat-abi=hard -mthumb -Wl,--start-group -lc -lm -Wl,--end-group
Finished building target: BER_analyzer.elf
 
arm-none-eabi-size  BER_analyzer.elf 
arm-none-eabi-objdump -h -S BER_analyzer.elf  > "BER_analyzer.list"
   text	   data	    bss	    dec	    hex	filename
  20964	     92	   2412	  23468	   5bac	BER_analyzer.elf
Finished building: default.size.stdout
 
Finished building: BER_analyzer.list
 
21:34:20 **** Incremental Build of configuration Debug for project BER_analyzer ****
make -j12 all 
arm-none-eabi-gcc "../Core/Src/main.c" -mcpu=cortex-m4 -std=gnu11 -g3 -DDEBUG -DUSE_HAL_DRIVER -DSTM32G474xx -c -I../Core/Inc -I../Drivers/STM32G4xx_HAL_Driver/Inc -I../Drivers/STM32G4xx_HAL_Driver/Inc/Legacy -I../Drivers/CMSIS/Device/ST/STM32G4xx/Include -I../Drivers/CMSIS/Include -O0 -ffunction-sections -fdata-sections -Wall -fstack-usage -fcyclomatic-complexity -MMD -MP -MF"Core/Src/main.d" -MT"Core/Src/main.o" --specs=nano.specs -mfpu=fpv4-sp-d16 -mfloat-abi=hard -mthumb -o "Core/Src/main.o"
arm-none-eabi-gcc -o "BER_analyzer.elf" @"objects.list"   -mcpu=cortex-m4 -T"C:\учеба\Laser_communication\BER_analyzer\STM32G474RETX_FLASH.ld" --specs=nosys.specs -Wl,-Map="BER_analyzer.map" -Wl,--gc-sections -static --specs=nano.specs -mfpu=fpv4-sp-d16 -mfloat-abi=hard -mthumb -Wl,--start-group -lc -lm -Wl,--end-group
Finished building target: BER_analyzer.elf
 
arm-none-eabi-size  BER_analyzer.elf 
arm-none-eabi-objdump -h -S BER_analyzer.elf  > "BER_analyzer.list"
   text	   data	    bss	    dec	    hex	filename
  18328	     12	   2044	  20384	   4fa0	BER_analyzer.elf
Finished building: default.size.stdout
 
Finished building: BER_analyzer.list
 
21:35:24 **** Incremental Build of configuration Debug for project BER_analyzer ****
make -j12 all 
arm-none-eabi-gcc "../Core/Src/main.c" -mcpu=cortex-m4 -std=gnu11 -g3 -DDEBUG -DUSE_HAL_DRIVER -DSTM32G474xx -c -I../Core/Inc -I../Drivers/STM32G4xx_HAL_Driver/Inc -I../Drivers/STM32G4xx_HAL_Driver/Inc/Legacy -I../Drivers/CMSIS/Device/ST/STM32G4xx/Include -I../Drivers/CMSIS/Include -O0 -ffunction-sections -fdata-sections -Wall -fstack-usage -fcyclomatic-complexity -MMD -MP -MF"Core/Src/main.d" -MT"Core/Src/main.o" --specs=nano.specs -mfpu=fpv4-sp-d16 -mfloat-abi=hard -mthumb -o "Core/Src/main.o"
arm-none-eabi-gcc -o "BER_analyzer.elf" @"objects.list"   -mcpu=cortex-m4 -T"C:\учеба\Laser_communication\BER_analyzer\STM32G474RETX_FLASH.ld" --specs=nosys.specs -Wl,-Map="BER_analyzer.map" -Wl,--gc-sections -static --specs=nano.specs -mfpu=fpv4-sp-d16 -mfloat-abi=hard -mthumb -Wl,--start-group -lc -lm -Wl,--end-group
Finished building target: BER_analyzer.elf
 
arm-none-eabi-size  BER_analyzer.elf 
arm-none-eabi-objdump -h -S BER_analyzer.elf  > "BER_analyzer.list"
   text	   data	    bss	    dec	    hex	filename
  18328	     12	   2044	  20384	   4fa0	BER_analyzer.elf
Finished building: default.size.stdout
 
Finished building: BER_analyzer.list
 
21:37:49 **** Incremental Build of configuration Debug for project BER_analyzer ****
make -j12 all 
arm-none-eabi-gcc "../Core/Src/main.c" -mcpu=cortex-m4 -std=gnu11 -g3 -DDEBUG -DUSE_HAL_DRIVER -DSTM32G474xx -c -I../Core/Inc -I../Drivers/STM32G4xx_HAL_Driver/Inc -I../Drivers/STM32G4xx_HAL_Driver/Inc/Legacy -I../Drivers/CMSIS/Device/ST/STM32G4xx/Include -I../Drivers/CMSIS/Include -O0 -ffunction-sections -fdata-sections -Wall -fstack-usage -fcyclomatic-complexity -MMD -MP -MF"Core/Src/main.d" -MT"Core/Src/main.o" --specs=nano.specs -mfpu=fpv4-sp-d16 -mfloat-abi=hard -mthumb -o "Core/Src/main.o"
arm-none-eabi-gcc -o "BER_analyzer.elf" @"objects.list"   -mcpu=cortex-m4 -T"C:\учеба\Laser_communication\BER_analyzer\STM32G474RETX_FLASH.ld" --specs=nosys.specs -Wl,-Map="BER_analyzer.map" -Wl,--gc-sections -static --specs=nano.specs -mfpu=fpv4-sp-d16 -mfloat-abi=hard -mthumb -Wl,--start-group -lc -lm -Wl,--end-group
Finished building target: BER_analyzer.elf
 
arm-none-eabi-size  BER_analyzer.elf 
arm-none-eabi-objdump -h -S BER_analyzer.elf  > "BER_analyzer.list"
   text	   data	    bss	    dec	    hex	filename
  18328	     12	   2044	  20384	   4fa0	BER_analyzer.elf
Finished building: default.size.stdout
 
Finished building: BER_analyzer.list
 
21:38:09 **** Incremental Build of configuration Debug for project BER_analyzer ****
make -j12 all 
arm-none-eabi-gcc "../Core/Src/main.c" -mcpu=cortex-m4 -std=gnu11 -g3 -DDEBUG -DUSE_HAL_DRIVER -DSTM32G474xx -c -I../Core/Inc -I../Drivers/STM32G4xx_HAL_Driver/Inc -I../Drivers/STM32G4xx_HAL_Driver/Inc/Legacy -I../Drivers/CMSIS/Device/ST/STM32G4xx/Include -I../Drivers/CMSIS/Include -O0 -ffunction-sections -fdata-sections -Wall -fstack-usage -fcyclomatic-complexity -MMD -MP -MF"Core/Src/main.d" -MT"Core/Src/main.o" --specs=nano.specs -mfpu=fpv4-sp-d16 -mfloat-abi=hard -mthumb -o "Core/Src/main.o"
arm-none-eabi-gcc -o "BER_analyzer.elf" @"objects.list"   -mcpu=cortex-m4 -T"C:\учеба\Laser_communication\BER_analyzer\STM32G474RETX_FLASH.ld" --specs=nosys.specs -Wl,-Map="BER_analyzer.map" -Wl,--gc-sections -static --specs=nano.specs -mfpu=fpv4-sp-d16 -mfloat-abi=hard -mthumb -Wl,--start-group -lc -lm -Wl,--end-group
Finished building target: BER_analyzer.elf
 
arm-none-eabi-size  BER_analyzer.elf 
arm-none-eabi-objdump -h -S BER_analyzer.elf  > "BER_analyzer.list"
   text	   data	    bss	    dec	    hex	filename
  20980	     92	   2412	  23484	   5bbc	BER_analyzer.elf
Finished building: default.size.stdout
 
Finished building: BER_analyzer.list
 
21:39:20 **** Incremental Build of configuration Debug for project BER_analyzer ****
make -j12 all 
arm-none-eabi-gcc "../Core/Src/main.c" -mcpu=cortex-m4 -std=gnu11 -g3 -DDEBUG -DUSE_HAL_DRIVER -DSTM32G474xx -c -I../Core/Inc -I../Drivers/STM32G4xx_HAL_Driver/Inc -I../Drivers/STM32G4xx_HAL_Driver/Inc/Legacy -I../Drivers/CMSIS/Device/ST/STM32G4xx/Include -I../Drivers/CMSIS/Include -O0 -ffunction-sections -fdata-sections -Wall -fstack-usage -fcyclomatic-complexity -MMD -MP -MF"Core/Src/main.d" -MT"Core/Src/main.o" --specs=nano.specs -mfpu=fpv4-sp-d16 -mfloat-abi=hard -mthumb -o "Core/Src/main.o"
arm-none-eabi-gcc -o "BER_analyzer.elf" @"objects.list"   -mcpu=cortex-m4 -T"C:\учеба\Laser_communication\BER_analyzer\STM32G474RETX_FLASH.ld" --specs=nosys.specs -Wl,-Map="BER_analyzer.map" -Wl,--gc-sections -static --specs=nano.specs -mfpu=fpv4-sp-d16 -mfloat-abi=hard -mthumb -Wl,--start-group -lc -lm -Wl,--end-group
Finished building target: BER_analyzer.elf
 
arm-none-eabi-size  BER_analyzer.elf 
arm-none-eabi-objdump -h -S BER_analyzer.elf  > "BER_analyzer.list"
   text	   data	    bss	    dec	    hex	filename
  20980	     92	   2412	  23484	   5bbc	BER_analyzer.elf
Finished building: default.size.stdout
 
Finished building: BER_analyzer.list
 
21:40:44 **** Incremental Build of configuration Debug for project BER_analyzer ****
make -j12 all 
arm-none-eabi-gcc "../Core/Src/main.c" -mcpu=cortex-m4 -std=gnu11 -g3 -DDEBUG -DUSE_HAL_DRIVER -DSTM32G474xx -c -I../Core/Inc -I../Drivers/STM32G4xx_HAL_Driver/Inc -I../Drivers/STM32G4xx_HAL_Driver/Inc/Legacy -I../Drivers/CMSIS/Device/ST/STM32G4xx/Include -I../Drivers/CMSIS/Include -O0 -ffunction-sections -fdata-sections -Wall -fstack-usage -fcyclomatic-complexity -MMD -MP -MF"Core/Src/main.d" -MT"Core/Src/main.o" --specs=nano.specs -mfpu=fpv4-sp-d16 -mfloat-abi=hard -mthumb -o "Core/Src/main.o"
arm-none-eabi-gcc -o "BER_analyzer.elf" @"objects.list"   -mcpu=cortex-m4 -T"C:\учеба\Laser_communication\BER_analyzer\STM32G474RETX_FLASH.ld" --specs=nosys.specs -Wl,-Map="BER_analyzer.map" -Wl,--gc-sections -static --specs=nano.specs -mfpu=fpv4-sp-d16 -mfloat-abi=hard -mthumb -Wl,--start-group -lc -lm -Wl,--end-group
Finished building target: BER_analyzer.elf
 
arm-none-eabi-size  BER_analyzer.elf 
arm-none-eabi-objdump -h -S BER_analyzer.elf  > "BER_analyzer.list"
   text	   data	    bss	    dec	    hex	filename
  20980	     92	   2412	  23484	   5bbc	BER_analyzer.elf
Finished building: default.size.stdout
 
Finished building: BER_analyzer.list
 
