00:31:00 **** Incremental Build of configuration Debug for project Laser_Receiver_prot_PPM_1 ****
make -j12 all 
arm-none-eabi-gcc "../Core/Src/main.c" -mcpu=cortex-m4 -std=gnu11 -g3 -DDEBUG -DUSE_HAL_DRIVER -DSTM32G474xx -c -I../Core/Inc -I../Drivers/STM32G4xx_HAL_Driver/Inc -I../Drivers/STM32G4xx_HAL_Driver/Inc/Legacy -I../Drivers/CMSIS/Device/ST/STM32G4xx/Include -I../Drivers/CMSIS/Include -O0 -ffunction-sections -fdata-sections -Wall -fstack-usage -fcyclomatic-complexity -MMD -MP -MF"Core/Src/main.d" -MT"Core/Src/main.o" --specs=nano.specs -mfpu=fpv4-sp-d16 -mfloat-abi=hard -mthumb -o "Core/Src/main.o"
arm-none-eabi-gcc -o "Laser_Receiver_prot_PPM_1.elf" @"objects.list"   -mcpu=cortex-m4 -T"C:\Users\arsen\STM32CubeIDE\workspace_1.18.0\Laser_Receiver_prot_PPM_1\STM32G474RETX_FLASH.ld" --specs=nosys.specs -Wl,-Map="Laser_Receiver_prot_PPM_1.map" -Wl,--gc-sections -static --specs=nano.specs -mfpu=fpv4-sp-d16 -mfloat-abi=hard -mthumb -Wl,--start-group -lc -lm -Wl,--end-group
Finished building target: Laser_Receiver_prot_PPM_1.elf
 
arm-none-eabi-size  Laser_Receiver_prot_PPM_1.elf 
arm-none-eabi-objdump -h -S Laser_Receiver_prot_PPM_1.elf  > "Laser_Receiver_prot_PPM_1.list"
   text	   data	    bss	    dec	    hex	filename
  24992	     92	   2400	  27484	   6b5c	Laser_Receiver_prot_PPM_1.elf
Finished building: default.size.stdout
 
Finished building: Laser_Receiver_prot_PPM_1.list
 
00:31:05 **** Incremental Build of configuration Debug for project Laser_Receiver_prot_PPM_1 ****
make -j12 all 
arm-none-eabi-size  Laser_Receiver_prot_PPM_1.elf 
   text	   data	    bss	    dec	    hex	filename
  24992	     92	   2400	  27484	   6b5c	Laser_Receiver_prot_PPM_1.elf
Finished building: default.size.stdout
 
00:32:48 **** Incremental Build of configuration Debug for project Laser_Receiver_prot_PPM_1 ****
make -j12 all 
arm-none-eabi-size  Laser_Receiver_prot_PPM_1.elf 
   text	   data	    bss	    dec	    hex	filename
  24992	     92	   2400	  27484	   6b5c	Laser_Receiver_prot_PPM_1.elf
Finished building: default.size.stdout
 
00:36:35 **** Incremental Build of configuration Debug for project Laser_Transmitter_prot_1 ****
make -j12 all 
arm-none-eabi-size  Laser_Transmitter_prot_1.elf 
   text	   data	    bss	    dec	    hex	filename
   9436	     12	   1756	  11204	   2bc4	Laser_Transmitter_prot_1.elf
Finished building: default.size.stdout
 
00:41:44 **** Incremental Build of configuration Debug for project Laser_Transmitter_prot_1 ****
make -j12 all 
arm-none-eabi-size  Laser_Transmitter_prot_1.elf 
   text	   data	    bss	    dec	    hex	filename
   9436	     12	   1756	  11204	   2bc4	Laser_Transmitter_prot_1.elf
Finished building: default.size.stdout
 
00:42:11 **** Incremental Build of configuration Debug for project Laser_Transmitter_prot_1 ****
make -j12 all 
arm-none-eabi-size  Laser_Transmitter_prot_1.elf 
   text	   data	    bss	    dec	    hex	filename
   9436	     12	   1756	  11204	   2bc4	Laser_Transmitter_prot_1.elf
Finished building: default.size.stdout
 
12:37:58 **** Incremental Build of configuration Debug for project Laser_Transmitter_prot_1 ****
make -j12 all 
arm-none-eabi-size  Laser_Transmitter_prot_1.elf 
   text	   data	    bss	    dec	    hex	filename
   9436	     12	   1756	  11204	   2bc4	Laser_Transmitter_prot_1.elf
Finished building: default.size.stdout
 
12:38:20 **** Incremental Build of configuration Debug for project Laser_Transmitter_prot_1 ****
make -j12 all 
arm-none-eabi-size  Laser_Transmitter_prot_1.elf 
   text	   data	    bss	    dec	    hex	filename
   9436	     12	   1756	  11204	   2bc4	Laser_Transmitter_prot_1.elf
Finished building: default.size.stdout
 
12:49:50 **** Incremental Build of configuration Debug for project Laser_Transmitter_prot_1 ****
make -j12 all 
arm-none-eabi-gcc "../Core/Src/main.c" -mcpu=cortex-m3 -std=gnu11 -g3 -DDEBUG -DUSE_HAL_DRIVER -DSTM32F103x6 -c -I../Core/Inc -I../Drivers/STM32F1xx_HAL_Driver/Inc/Legacy -I../Drivers/STM32F1xx_HAL_Driver/Inc -I../Drivers/CMSIS/Device/ST/STM32F1xx/Include -I../Drivers/CMSIS/Include -O0 -ffunction-sections -fdata-sections -Wall -fstack-usage -fcyclomatic-complexity -MMD -MP -MF"Core/Src/main.d" -MT"Core/Src/main.o" --specs=nano.specs -mfloat-abi=soft -mthumb -o "Core/Src/main.o"
arm-none-eabi-gcc "../Core/Src/stm32f1xx_hal_msp.c" -mcpu=cortex-m3 -std=gnu11 -g3 -DDEBUG -DUSE_HAL_DRIVER -DSTM32F103x6 -c -I../Core/Inc -I../Drivers/STM32F1xx_HAL_Driver/Inc/Legacy -I../Drivers/STM32F1xx_HAL_Driver/Inc -I../Drivers/CMSIS/Device/ST/STM32F1xx/Include -I../Drivers/CMSIS/Include -O0 -ffunction-sections -fdata-sections -Wall -fstack-usage -fcyclomatic-complexity -MMD -MP -MF"Core/Src/stm32f1xx_hal_msp.d" -MT"Core/Src/stm32f1xx_hal_msp.o" --specs=nano.specs -mfloat-abi=soft -mthumb -o "Core/Src/stm32f1xx_hal_msp.o"
arm-none-eabi-gcc "../Core/Src/stm32f1xx_it.c" -mcpu=cortex-m3 -std=gnu11 -g3 -DDEBUG -DUSE_HAL_DRIVER -DSTM32F103x6 -c -I../Core/Inc -I../Drivers/STM32F1xx_HAL_Driver/Inc/Legacy -I../Drivers/STM32F1xx_HAL_Driver/Inc -I../Drivers/CMSIS/Device/ST/STM32F1xx/Include -I../Drivers/CMSIS/Include -O0 -ffunction-sections -fdata-sections -Wall -fstack-usage -fcyclomatic-complexity -MMD -MP -MF"Core/Src/stm32f1xx_it.d" -MT"Core/Src/stm32f1xx_it.o" --specs=nano.specs -mfloat-abi=soft -mthumb -o "Core/Src/stm32f1xx_it.o"
../Core/Src/main.c:273:13: warning: 'Transmit_message_OOK' defined but not used [-Wunused-function]
  273 | static void Transmit_message_OOK(uint8_t* message, uint8_t n){
      |             ^~~~~~~~~~~~~~~~~~~~
arm-none-eabi-gcc -o "Laser_Transmitter_prot_1.elf" @"objects.list"   -mcpu=cortex-m3 -T"C:\Users\arsen\STM32CubeIDE\workspace_1.18.0\Laser_Transmitter_prot_1\STM32F103C6TX_FLASH.ld" --specs=nosys.specs -Wl,-Map="Laser_Transmitter_prot_1.map" -Wl,--gc-sections -static --specs=nano.specs -mfloat-abi=soft -mthumb -Wl,--start-group -lc -lm -Wl,--end-group
Finished building target: Laser_Transmitter_prot_1.elf
 
arm-none-eabi-size  Laser_Transmitter_prot_1.elf 
arm-none-eabi-objdump -h -S Laser_Transmitter_prot_1.elf  > "Laser_Transmitter_prot_1.list"
   text	   data	    bss	    dec	    hex	filename
   9676	     12	   1828	  11516	   2cfc	Laser_Transmitter_prot_1.elf
Finished building: default.size.stdout
 
Finished building: Laser_Transmitter_prot_1.list
 
14:09:57 **** Incremental Build of configuration Debug for project Laser_Transmitter_prot_1 ****
make -j12 all 
arm-none-eabi-gcc "../Core/Src/main.c" -mcpu=cortex-m3 -std=gnu11 -g3 -DDEBUG -DUSE_HAL_DRIVER -DSTM32F103x6 -c -I../Core/Inc -I../Drivers/STM32F1xx_HAL_Driver/Inc/Legacy -I../Drivers/STM32F1xx_HAL_Driver/Inc -I../Drivers/CMSIS/Device/ST/STM32F1xx/Include -I../Drivers/CMSIS/Include -O0 -ffunction-sections -fdata-sections -Wall -fstack-usage -fcyclomatic-complexity -MMD -MP -MF"Core/Src/main.d" -MT"Core/Src/main.o" --specs=nano.specs -mfloat-abi=soft -mthumb -o "Core/Src/main.o"
arm-none-eabi-gcc "../Core/Src/stm32f1xx_hal_msp.c" -mcpu=cortex-m3 -std=gnu11 -g3 -DDEBUG -DUSE_HAL_DRIVER -DSTM32F103x6 -c -I../Core/Inc -I../Drivers/STM32F1xx_HAL_Driver/Inc/Legacy -I../Drivers/STM32F1xx_HAL_Driver/Inc -I../Drivers/CMSIS/Device/ST/STM32F1xx/Include -I../Drivers/CMSIS/Include -O0 -ffunction-sections -fdata-sections -Wall -fstack-usage -fcyclomatic-complexity -MMD -MP -MF"Core/Src/stm32f1xx_hal_msp.d" -MT"Core/Src/stm32f1xx_hal_msp.o" --specs=nano.specs -mfloat-abi=soft -mthumb -o "Core/Src/stm32f1xx_hal_msp.o"
arm-none-eabi-gcc "../Core/Src/stm32f1xx_it.c" -mcpu=cortex-m3 -std=gnu11 -g3 -DDEBUG -DUSE_HAL_DRIVER -DSTM32F103x6 -c -I../Core/Inc -I../Drivers/STM32F1xx_HAL_Driver/Inc/Legacy -I../Drivers/STM32F1xx_HAL_Driver/Inc -I../Drivers/CMSIS/Device/ST/STM32F1xx/Include -I../Drivers/CMSIS/Include -O0 -ffunction-sections -fdata-sections -Wall -fstack-usage -fcyclomatic-complexity -MMD -MP -MF"Core/Src/stm32f1xx_it.d" -MT"Core/Src/stm32f1xx_it.o" --specs=nano.specs -mfloat-abi=soft -mthumb -o "Core/Src/stm32f1xx_it.o"
../Core/Src/main.c:237:13: warning: 'Transmit_message_OOK' defined but not used [-Wunused-function]
  237 | static void Transmit_message_OOK(uint8_t* message, uint8_t n){
      |             ^~~~~~~~~~~~~~~~~~~~
arm-none-eabi-gcc -o "Laser_Transmitter_prot_1.elf" @"objects.list"   -mcpu=cortex-m3 -T"C:\Users\arsen\STM32CubeIDE\workspace_1.18.0\Laser_Transmitter_prot_1\STM32F103C6TX_FLASH.ld" --specs=nosys.specs -Wl,-Map="Laser_Transmitter_prot_1.map" -Wl,--gc-sections -static --specs=nano.specs -mfloat-abi=soft -mthumb -Wl,--start-group -lc -lm -Wl,--end-group
Finished building target: Laser_Transmitter_prot_1.elf
 
arm-none-eabi-size  Laser_Transmitter_prot_1.elf 
arm-none-eabi-objdump -h -S Laser_Transmitter_prot_1.elf  > "Laser_Transmitter_prot_1.list"
   text	   data	    bss	    dec	    hex	filename
   9436	     12	   1756	  11204	   2bc4	Laser_Transmitter_prot_1.elf
Finished building: default.size.stdout
 
Finished building: Laser_Transmitter_prot_1.list
 
14:13:12 **** Build of configuration Debug for project blink ****
make -j12 all 
arm-none-eabi-size  blink.elf 
   text	   data	    bss	    dec	    hex	filename
  15284	     64	   1888	  17236	   4354	blink.elf
Finished building: default.size.stdout
 
14:16:00 **** Incremental Build of configuration Debug for project blink ****
make -j12 all 
arm-none-eabi-gcc "../Core/Src/main.c" -mcpu=cortex-m4 -std=gnu11 -g3 -DDEBUG -DUSE_NUCLEO_64 -DUSE_HAL_DRIVER -DSTM32G474xx -c -I../Core/Inc -I../Drivers/STM32G4xx_HAL_Driver/Inc -I../Drivers/STM32G4xx_HAL_Driver/Inc/Legacy -I../Drivers/BSP/STM32G4xx_Nucleo -I../Drivers/CMSIS/Device/ST/STM32G4xx/Include -I../Drivers/CMSIS/Include -O0 -ffunction-sections -fdata-sections -Wall -fstack-usage -fcyclomatic-complexity -MMD -MP -MF"Core/Src/main.d" -MT"Core/Src/main.o" --specs=nano.specs -mfpu=fpv4-sp-d16 -mfloat-abi=hard -mthumb -o "Core/Src/main.o"
arm-none-eabi-gcc -o "blink.elf" @"objects.list"   -mcpu=cortex-m4 -T"C:\Users\arsen\STM32CubeIDE\workspace_1.18.0\blink\STM32G474RETX_FLASH.ld" --specs=nosys.specs -Wl,-Map="blink.map" -Wl,--gc-sections -static --specs=nano.specs -mfpu=fpv4-sp-d16 -mfloat-abi=hard -mthumb -Wl,--start-group -lc -lm -Wl,--end-group
Finished building target: blink.elf
 
arm-none-eabi-size  blink.elf 
arm-none-eabi-objdump -h -S blink.elf  > "blink.list"
   text	   data	    bss	    dec	    hex	filename
  15324	     64	   1888	  17276	   437c	blink.elf
Finished building: default.size.stdout
 
Finished building: blink.list
 
14:18:19 **** Build of configuration Debug for project Laser_Receiver_test ****
make -j12 all 
arm-none-eabi-size  Laser_Receiver_test.elf 
   text	   data	    bss	    dec	    hex	filename
  37716	    468	   2244	  40428	   9dec	Laser_Receiver_test.elf
Finished building: default.size.stdout
 
14:22:07 **** Incremental Build of configuration Debug for project Laser_Transmitter_prot_1 ****
make -j12 all 
arm-none-eabi-gcc "../Core/Src/main.c" -mcpu=cortex-m3 -std=gnu11 -g3 -DDEBUG -DUSE_HAL_DRIVER -DSTM32F103x6 -c -I../Core/Inc -I../Drivers/STM32F1xx_HAL_Driver/Inc/Legacy -I../Drivers/STM32F1xx_HAL_Driver/Inc -I../Drivers/CMSIS/Device/ST/STM32F1xx/Include -I../Drivers/CMSIS/Include -O0 -ffunction-sections -fdata-sections -Wall -fstack-usage -fcyclomatic-complexity -MMD -MP -MF"Core/Src/main.d" -MT"Core/Src/main.o" --specs=nano.specs -mfloat-abi=soft -mthumb -o "Core/Src/main.o"
../Core/Src/main.c:254:13: warning: 'Transmit_message_PPM' defined but not used [-Wunused-function]
  254 | static void Transmit_message_PPM(uint8_t* message, uint8_t n){
      |             ^~~~~~~~~~~~~~~~~~~~
../Core/Src/main.c:239:13: warning: 'Transmit_message_OOK' defined but not used [-Wunused-function]
  239 | static void Transmit_message_OOK(uint8_t* message, uint8_t n){
      |             ^~~~~~~~~~~~~~~~~~~~
arm-none-eabi-gcc -o "Laser_Transmitter_prot_1.elf" @"objects.list"   -mcpu=cortex-m3 -T"C:\Users\arsen\STM32CubeIDE\workspace_1.18.0\Laser_Transmitter_prot_1\STM32F103C6TX_FLASH.ld" --specs=nosys.specs -Wl,-Map="Laser_Transmitter_prot_1.map" -Wl,--gc-sections -static --specs=nano.specs -mfloat-abi=soft -mthumb -Wl,--start-group -lc -lm -Wl,--end-group
Finished building target: Laser_Transmitter_prot_1.elf
 
arm-none-eabi-size  Laser_Transmitter_prot_1.elf 
arm-none-eabi-objdump -h -S Laser_Transmitter_prot_1.elf  > "Laser_Transmitter_prot_1.list"
   text	   data	    bss	    dec	    hex	filename
   8968	     12	   1756	  10736	   29f0	Laser_Transmitter_prot_1.elf
Finished building: default.size.stdout
 
Finished building: Laser_Transmitter_prot_1.list
 
14:22:29 **** Incremental Build of configuration Debug for project Laser_Transmitter_prot_1 ****
make -j12 all 
arm-none-eabi-size  Laser_Transmitter_prot_1.elf 
   text	   data	    bss	    dec	    hex	filename
   8968	     12	   1756	  10736	   29f0	Laser_Transmitter_prot_1.elf
Finished building: default.size.stdout
 
14:23:30 **** Incremental Build of configuration Debug for project Laser_Transmitter_prot_1 ****
make -j12 all 
arm-none-eabi-gcc "../Core/Src/main.c" -mcpu=cortex-m3 -std=gnu11 -g3 -DDEBUG -DUSE_HAL_DRIVER -DSTM32F103x6 -c -I../Core/Inc -I../Drivers/STM32F1xx_HAL_Driver/Inc/Legacy -I../Drivers/STM32F1xx_HAL_Driver/Inc -I../Drivers/CMSIS/Device/ST/STM32F1xx/Include -I../Drivers/CMSIS/Include -O0 -ffunction-sections -fdata-sections -Wall -fstack-usage -fcyclomatic-complexity -MMD -MP -MF"Core/Src/main.d" -MT"Core/Src/main.o" --specs=nano.specs -mfloat-abi=soft -mthumb -o "Core/Src/main.o"
../Core/Src/main.c:255:13: warning: 'Transmit_message_PPM' defined but not used [-Wunused-function]
  255 | static void Transmit_message_PPM(uint8_t* message, uint8_t n){
      |             ^~~~~~~~~~~~~~~~~~~~
../Core/Src/main.c:240:13: warning: 'Transmit_message_OOK' defined but not used [-Wunused-function]
  240 | static void Transmit_message_OOK(uint8_t* message, uint8_t n){
      |             ^~~~~~~~~~~~~~~~~~~~
arm-none-eabi-gcc -o "Laser_Transmitter_prot_1.elf" @"objects.list"   -mcpu=cortex-m3 -T"C:\Users\arsen\STM32CubeIDE\workspace_1.18.0\Laser_Transmitter_prot_1\STM32F103C6TX_FLASH.ld" --specs=nosys.specs -Wl,-Map="Laser_Transmitter_prot_1.map" -Wl,--gc-sections -static --specs=nano.specs -mfloat-abi=soft -mthumb -Wl,--start-group -lc -lm -Wl,--end-group
Finished building target: Laser_Transmitter_prot_1.elf
 
arm-none-eabi-size  Laser_Transmitter_prot_1.elf 
arm-none-eabi-objdump -h -S Laser_Transmitter_prot_1.elf  > "Laser_Transmitter_prot_1.list"
   text	   data	    bss	    dec	    hex	filename
   8876	     12	   1756	  10644	   2994	Laser_Transmitter_prot_1.elf
Finished building: default.size.stdout
 
Finished building: Laser_Transmitter_prot_1.list
 
14:26:05 **** Incremental Build of configuration Debug for project Laser_Transmitter_prot_1 ****
make -j12 all 
arm-none-eabi-gcc "../Core/Src/main.c" -mcpu=cortex-m3 -std=gnu11 -g3 -DDEBUG -DUSE_HAL_DRIVER -DSTM32F103x6 -c -I../Core/Inc -I../Drivers/STM32F1xx_HAL_Driver/Inc/Legacy -I../Drivers/STM32F1xx_HAL_Driver/Inc -I../Drivers/CMSIS/Device/ST/STM32F1xx/Include -I../Drivers/CMSIS/Include -O0 -ffunction-sections -fdata-sections -Wall -fstack-usage -fcyclomatic-complexity -MMD -MP -MF"Core/Src/main.d" -MT"Core/Src/main.o" --specs=nano.specs -mfloat-abi=soft -mthumb -o "Core/Src/main.o"
../Core/Src/main.c:240:13: warning: 'Transmit_message_OOK' defined but not used [-Wunused-function]
  240 | static void Transmit_message_OOK(uint8_t* message, uint8_t n){
      |             ^~~~~~~~~~~~~~~~~~~~
arm-none-eabi-gcc -o "Laser_Transmitter_prot_1.elf" @"objects.list"   -mcpu=cortex-m3 -T"C:\Users\arsen\STM32CubeIDE\workspace_1.18.0\Laser_Transmitter_prot_1\STM32F103C6TX_FLASH.ld" --specs=nosys.specs -Wl,-Map="Laser_Transmitter_prot_1.map" -Wl,--gc-sections -static --specs=nano.specs -mfloat-abi=soft -mthumb -Wl,--start-group -lc -lm -Wl,--end-group
Finished building target: Laser_Transmitter_prot_1.elf
 
arm-none-eabi-size  Laser_Transmitter_prot_1.elf 
arm-none-eabi-objdump -h -S Laser_Transmitter_prot_1.elf  > "Laser_Transmitter_prot_1.list"
   text	   data	    bss	    dec	    hex	filename
   9436	     12	   1756	  11204	   2bc4	Laser_Transmitter_prot_1.elf
Finished building: default.size.stdout
 
Finished building: Laser_Transmitter_prot_1.list
 
14:30:46 **** Build of configuration Debug for project Laser_Receiver_prot_PPM_1 ****
make -j12 all 
arm-none-eabi-gcc "../Drivers/STM32G4xx_HAL_Driver/Src/stm32g4xx_hal.c" -mcpu=cortex-m4 -std=gnu11 -g3 -DDEBUG -DUSE_HAL_DRIVER -DSTM32G474xx -c -I../Core/Inc -I../Drivers/STM32G4xx_HAL_Driver/Inc -I../Drivers/STM32G4xx_HAL_Driver/Inc/Legacy -I../Drivers/CMSIS/Device/ST/STM32G4xx/Include -I../Drivers/CMSIS/Include -O0 -ffunction-sections -fdata-sections -Wall -fstack-usage -fcyclomatic-complexity -MMD -MP -MF"Drivers/STM32G4xx_HAL_Driver/Src/stm32g4xx_hal.d" -MT"Drivers/STM32G4xx_HAL_Driver/Src/stm32g4xx_hal.o" --specs=nano.specs -mfpu=fpv4-sp-d16 -mfloat-abi=hard -mthumb -o "Drivers/STM32G4xx_HAL_Driver/Src/stm32g4xx_hal.o"
arm-none-eabi-gcc "../Drivers/STM32G4xx_HAL_Driver/Src/stm32g4xx_hal_cortex.c" -mcpu=cortex-m4 -std=gnu11 -g3 -DDEBUG -DUSE_HAL_DRIVER -DSTM32G474xx -c -I../Core/Inc -I../Drivers/STM32G4xx_HAL_Driver/Inc -I../Drivers/STM32G4xx_HAL_Driver/Inc/Legacy -I../Drivers/CMSIS/Device/ST/STM32G4xx/Include -I../Drivers/CMSIS/Include -O0 -ffunction-sections -fdata-sections -Wall -fstack-usage -fcyclomatic-complexity -MMD -MP -MF"Drivers/STM32G4xx_HAL_Driver/Src/stm32g4xx_hal_cortex.d" -MT"Drivers/STM32G4xx_HAL_Driver/Src/stm32g4xx_hal_cortex.o" --specs=nano.specs -mfpu=fpv4-sp-d16 -mfloat-abi=hard -mthumb -o "Drivers/STM32G4xx_HAL_Driver/Src/stm32g4xx_hal_cortex.o"
arm-none-eabi-gcc "../Drivers/STM32G4xx_HAL_Driver/Src/stm32g4xx_hal_dma.c" -mcpu=cortex-m4 -std=gnu11 -g3 -DDEBUG -DUSE_HAL_DRIVER -DSTM32G474xx -c -I../Core/Inc -I../Drivers/STM32G4xx_HAL_Driver/Inc -I../Drivers/STM32G4xx_HAL_Driver/Inc/Legacy -I../Drivers/CMSIS/Device/ST/STM32G4xx/Include -I../Drivers/CMSIS/Include -O0 -ffunction-sections -fdata-sections -Wall -fstack-usage -fcyclomatic-complexity -MMD -MP -MF"Drivers/STM32G4xx_HAL_Driver/Src/stm32g4xx_hal_dma.d" -MT"Drivers/STM32G4xx_HAL_Driver/Src/stm32g4xx_hal_dma.o" --specs=nano.specs -mfpu=fpv4-sp-d16 -mfloat-abi=hard -mthumb -o "Drivers/STM32G4xx_HAL_Driver/Src/stm32g4xx_hal_dma.o"
arm-none-eabi-gcc "../Drivers/STM32G4xx_HAL_Driver/Src/stm32g4xx_hal_dma_ex.c" -mcpu=cortex-m4 -std=gnu11 -g3 -DDEBUG -DUSE_HAL_DRIVER -DSTM32G474xx -c -I../Core/Inc -I../Drivers/STM32G4xx_HAL_Driver/Inc -I../Drivers/STM32G4xx_HAL_Driver/Inc/Legacy -I../Drivers/CMSIS/Device/ST/STM32G4xx/Include -I../Drivers/CMSIS/Include -O0 -ffunction-sections -fdata-sections -Wall -fstack-usage -fcyclomatic-complexity -MMD -MP -MF"Drivers/STM32G4xx_HAL_Driver/Src/stm32g4xx_hal_dma_ex.d" -MT"Drivers/STM32G4xx_HAL_Driver/Src/stm32g4xx_hal_dma_ex.o" --specs=nano.specs -mfpu=fpv4-sp-d16 -mfloat-abi=hard -mthumb -o "Drivers/STM32G4xx_HAL_Driver/Src/stm32g4xx_hal_dma_ex.o"
arm-none-eabi-gcc "../Drivers/STM32G4xx_HAL_Driver/Src/stm32g4xx_hal_exti.c" -mcpu=cortex-m4 -std=gnu11 -g3 -DDEBUG -DUSE_HAL_DRIVER -DSTM32G474xx -c -I../Core/Inc -I../Drivers/STM32G4xx_HAL_Driver/Inc -I../Drivers/STM32G4xx_HAL_Driver/Inc/Legacy -I../Drivers/CMSIS/Device/ST/STM32G4xx/Include -I../Drivers/CMSIS/Include -O0 -ffunction-sections -fdata-sections -Wall -fstack-usage -fcyclomatic-complexity -MMD -MP -MF"Drivers/STM32G4xx_HAL_Driver/Src/stm32g4xx_hal_exti.d" -MT"Drivers/STM32G4xx_HAL_Driver/Src/stm32g4xx_hal_exti.o" --specs=nano.specs -mfpu=fpv4-sp-d16 -mfloat-abi=hard -mthumb -o "Drivers/STM32G4xx_HAL_Driver/Src/stm32g4xx_hal_exti.o"
arm-none-eabi-gcc "../Drivers/STM32G4xx_HAL_Driver/Src/stm32g4xx_hal_flash.c" -mcpu=cortex-m4 -std=gnu11 -g3 -DDEBUG -DUSE_HAL_DRIVER -DSTM32G474xx -c -I../Core/Inc -I../Drivers/STM32G4xx_HAL_Driver/Inc -I../Drivers/STM32G4xx_HAL_Driver/Inc/Legacy -I../Drivers/CMSIS/Device/ST/STM32G4xx/Include -I../Drivers/CMSIS/Include -O0 -ffunction-sections -fdata-sections -Wall -fstack-usage -fcyclomatic-complexity -MMD -MP -MF"Drivers/STM32G4xx_HAL_Driver/Src/stm32g4xx_hal_flash.d" -MT"Drivers/STM32G4xx_HAL_Driver/Src/stm32g4xx_hal_flash.o" --specs=nano.specs -mfpu=fpv4-sp-d16 -mfloat-abi=hard -mthumb -o "Drivers/STM32G4xx_HAL_Driver/Src/stm32g4xx_hal_flash.o"
arm-none-eabi-gcc "../Drivers/STM32G4xx_HAL_Driver/Src/stm32g4xx_hal_flash_ex.c" -mcpu=cortex-m4 -std=gnu11 -g3 -DDEBUG -DUSE_HAL_DRIVER -DSTM32G474xx -c -I../Core/Inc -I../Drivers/STM32G4xx_HAL_Driver/Inc -I../Drivers/STM32G4xx_HAL_Driver/Inc/Legacy -I../Drivers/CMSIS/Device/ST/STM32G4xx/Include -I../Drivers/CMSIS/Include -O0 -ffunction-sections -fdata-sections -Wall -fstack-usage -fcyclomatic-complexity -MMD -MP -MF"Drivers/STM32G4xx_HAL_Driver/Src/stm32g4xx_hal_flash_ex.d" -MT"Drivers/STM32G4xx_HAL_Driver/Src/stm32g4xx_hal_flash_ex.o" --specs=nano.specs -mfpu=fpv4-sp-d16 -mfloat-abi=hard -mthumb -o "Drivers/STM32G4xx_HAL_Driver/Src/stm32g4xx_hal_flash_ex.o"
arm-none-eabi-gcc "../Drivers/STM32G4xx_HAL_Driver/Src/stm32g4xx_hal_flash_ramfunc.c" -mcpu=cortex-m4 -std=gnu11 -g3 -DDEBUG -DUSE_HAL_DRIVER -DSTM32G474xx -c -I../Core/Inc -I../Drivers/STM32G4xx_HAL_Driver/Inc -I../Drivers/STM32G4xx_HAL_Driver/Inc/Legacy -I../Drivers/CMSIS/Device/ST/STM32G4xx/Include -I../Drivers/CMSIS/Include -O0 -ffunction-sections -fdata-sections -Wall -fstack-usage -fcyclomatic-complexity -MMD -MP -MF"Drivers/STM32G4xx_HAL_Driver/Src/stm32g4xx_hal_flash_ramfunc.d" -MT"Drivers/STM32G4xx_HAL_Driver/Src/stm32g4xx_hal_flash_ramfunc.o" --specs=nano.specs -mfpu=fpv4-sp-d16 -mfloat-abi=hard -mthumb -o "Drivers/STM32G4xx_HAL_Driver/Src/stm32g4xx_hal_flash_ramfunc.o"
arm-none-eabi-gcc "../Drivers/STM32G4xx_HAL_Driver/Src/stm32g4xx_hal_gpio.c" -mcpu=cortex-m4 -std=gnu11 -g3 -DDEBUG -DUSE_HAL_DRIVER -DSTM32G474xx -c -I../Core/Inc -I../Drivers/STM32G4xx_HAL_Driver/Inc -I../Drivers/STM32G4xx_HAL_Driver/Inc/Legacy -I../Drivers/CMSIS/Device/ST/STM32G4xx/Include -I../Drivers/CMSIS/Include -O0 -ffunction-sections -fdata-sections -Wall -fstack-usage -fcyclomatic-complexity -MMD -MP -MF"Drivers/STM32G4xx_HAL_Driver/Src/stm32g4xx_hal_gpio.d" -MT"Drivers/STM32G4xx_HAL_Driver/Src/stm32g4xx_hal_gpio.o" --specs=nano.specs -mfpu=fpv4-sp-d16 -mfloat-abi=hard -mthumb -o "Drivers/STM32G4xx_HAL_Driver/Src/stm32g4xx_hal_gpio.o"
arm-none-eabi-gcc "../Drivers/STM32G4xx_HAL_Driver/Src/stm32g4xx_hal_pwr.c" -mcpu=cortex-m4 -std=gnu11 -g3 -DDEBUG -DUSE_HAL_DRIVER -DSTM32G474xx -c -I../Core/Inc -I../Drivers/STM32G4xx_HAL_Driver/Inc -I../Drivers/STM32G4xx_HAL_Driver/Inc/Legacy -I../Drivers/CMSIS/Device/ST/STM32G4xx/Include -I../Drivers/CMSIS/Include -O0 -ffunction-sections -fdata-sections -Wall -fstack-usage -fcyclomatic-complexity -MMD -MP -MF"Drivers/STM32G4xx_HAL_Driver/Src/stm32g4xx_hal_pwr.d" -MT"Drivers/STM32G4xx_HAL_Driver/Src/stm32g4xx_hal_pwr.o" --specs=nano.specs -mfpu=fpv4-sp-d16 -mfloat-abi=hard -mthumb -o "Drivers/STM32G4xx_HAL_Driver/Src/stm32g4xx_hal_pwr.o"
arm-none-eabi-gcc "../Drivers/STM32G4xx_HAL_Driver/Src/stm32g4xx_hal_pwr_ex.c" -mcpu=cortex-m4 -std=gnu11 -g3 -DDEBUG -DUSE_HAL_DRIVER -DSTM32G474xx -c -I../Core/Inc -I../Drivers/STM32G4xx_HAL_Driver/Inc -I../Drivers/STM32G4xx_HAL_Driver/Inc/Legacy -I../Drivers/CMSIS/Device/ST/STM32G4xx/Include -I../Drivers/CMSIS/Include -O0 -ffunction-sections -fdata-sections -Wall -fstack-usage -fcyclomatic-complexity -MMD -MP -MF"Drivers/STM32G4xx_HAL_Driver/Src/stm32g4xx_hal_pwr_ex.d" -MT"Drivers/STM32G4xx_HAL_Driver/Src/stm32g4xx_hal_pwr_ex.o" --specs=nano.specs -mfpu=fpv4-sp-d16 -mfloat-abi=hard -mthumb -o "Drivers/STM32G4xx_HAL_Driver/Src/stm32g4xx_hal_pwr_ex.o"
arm-none-eabi-gcc "../Drivers/STM32G4xx_HAL_Driver/Src/stm32g4xx_hal_rcc.c" -mcpu=cortex-m4 -std=gnu11 -g3 -DDEBUG -DUSE_HAL_DRIVER -DSTM32G474xx -c -I../Core/Inc -I../Drivers/STM32G4xx_HAL_Driver/Inc -I../Drivers/STM32G4xx_HAL_Driver/Inc/Legacy -I../Drivers/CMSIS/Device/ST/STM32G4xx/Include -I../Drivers/CMSIS/Include -O0 -ffunction-sections -fdata-sections -Wall -fstack-usage -fcyclomatic-complexity -MMD -MP -MF"Drivers/STM32G4xx_HAL_Driver/Src/stm32g4xx_hal_rcc.d" -MT"Drivers/STM32G4xx_HAL_Driver/Src/stm32g4xx_hal_rcc.o" --specs=nano.specs -mfpu=fpv4-sp-d16 -mfloat-abi=hard -mthumb -o "Drivers/STM32G4xx_HAL_Driver/Src/stm32g4xx_hal_rcc.o"
arm-none-eabi-gcc "../Drivers/STM32G4xx_HAL_Driver/Src/stm32g4xx_hal_rcc_ex.c" -mcpu=cortex-m4 -std=gnu11 -g3 -DDEBUG -DUSE_HAL_DRIVER -DSTM32G474xx -c -I../Core/Inc -I../Drivers/STM32G4xx_HAL_Driver/Inc -I../Drivers/STM32G4xx_HAL_Driver/Inc/Legacy -I../Drivers/CMSIS/Device/ST/STM32G4xx/Include -I../Drivers/CMSIS/Include -O0 -ffunction-sections -fdata-sections -Wall -fstack-usage -fcyclomatic-complexity -MMD -MP -MF"Drivers/STM32G4xx_HAL_Driver/Src/stm32g4xx_hal_rcc_ex.d" -MT"Drivers/STM32G4xx_HAL_Driver/Src/stm32g4xx_hal_rcc_ex.o" --specs=nano.specs -mfpu=fpv4-sp-d16 -mfloat-abi=hard -mthumb -o "Drivers/STM32G4xx_HAL_Driver/Src/stm32g4xx_hal_rcc_ex.o"
arm-none-eabi-gcc "../Drivers/STM32G4xx_HAL_Driver/Src/stm32g4xx_hal_uart.c" -mcpu=cortex-m4 -std=gnu11 -g3 -DDEBUG -DUSE_HAL_DRIVER -DSTM32G474xx -c -I../Core/Inc -I../Drivers/STM32G4xx_HAL_Driver/Inc -I../Drivers/STM32G4xx_HAL_Driver/Inc/Legacy -I../Drivers/CMSIS/Device/ST/STM32G4xx/Include -I../Drivers/CMSIS/Include -O0 -ffunction-sections -fdata-sections -Wall -fstack-usage -fcyclomatic-complexity -MMD -MP -MF"Drivers/STM32G4xx_HAL_Driver/Src/stm32g4xx_hal_uart.d" -MT"Drivers/STM32G4xx_HAL_Driver/Src/stm32g4xx_hal_uart.o" --specs=nano.specs -mfpu=fpv4-sp-d16 -mfloat-abi=hard -mthumb -o "Drivers/STM32G4xx_HAL_Driver/Src/stm32g4xx_hal_uart.o"
arm-none-eabi-gcc "../Drivers/STM32G4xx_HAL_Driver/Src/stm32g4xx_hal_uart_ex.c" -mcpu=cortex-m4 -std=gnu11 -g3 -DDEBUG -DUSE_HAL_DRIVER -DSTM32G474xx -c -I../Core/Inc -I../Drivers/STM32G4xx_HAL_Driver/Inc -I../Drivers/STM32G4xx_HAL_Driver/Inc/Legacy -I../Drivers/CMSIS/Device/ST/STM32G4xx/Include -I../Drivers/CMSIS/Include -O0 -ffunction-sections -fdata-sections -Wall -fstack-usage -fcyclomatic-complexity -MMD -MP -MF"Drivers/STM32G4xx_HAL_Driver/Src/stm32g4xx_hal_uart_ex.d" -MT"Drivers/STM32G4xx_HAL_Driver/Src/stm32g4xx_hal_uart_ex.o" --specs=nano.specs -mfpu=fpv4-sp-d16 -mfloat-abi=hard -mthumb -o "Drivers/STM32G4xx_HAL_Driver/Src/stm32g4xx_hal_uart_ex.o"
arm-none-eabi-gcc "../Core/Src/main.c" -mcpu=cortex-m4 -std=gnu11 -g3 -DDEBUG -DUSE_HAL_DRIVER -DSTM32G474xx -c -I../Core/Inc -I../Drivers/STM32G4xx_HAL_Driver/Inc -I../Drivers/STM32G4xx_HAL_Driver/Inc/Legacy -I../Drivers/CMSIS/Device/ST/STM32G4xx/Include -I../Drivers/CMSIS/Include -O0 -ffunction-sections -fdata-sections -Wall -fstack-usage -fcyclomatic-complexity -MMD -MP -MF"Core/Src/main.d" -MT"Core/Src/main.o" --specs=nano.specs -mfpu=fpv4-sp-d16 -mfloat-abi=hard -mthumb -o "Core/Src/main.o"
arm-none-eabi-gcc "../Core/Src/stm32g4xx_hal_msp.c" -mcpu=cortex-m4 -std=gnu11 -g3 -DDEBUG -DUSE_HAL_DRIVER -DSTM32G474xx -c -I../Core/Inc -I../Drivers/STM32G4xx_HAL_Driver/Inc -I../Drivers/STM32G4xx_HAL_Driver/Inc/Legacy -I../Drivers/CMSIS/Device/ST/STM32G4xx/Include -I../Drivers/CMSIS/Include -O0 -ffunction-sections -fdata-sections -Wall -fstack-usage -fcyclomatic-complexity -MMD -MP -MF"Core/Src/stm32g4xx_hal_msp.d" -MT"Core/Src/stm32g4xx_hal_msp.o" --specs=nano.specs -mfpu=fpv4-sp-d16 -mfloat-abi=hard -mthumb -o "Core/Src/stm32g4xx_hal_msp.o"
arm-none-eabi-gcc "../Core/Src/stm32g4xx_it.c" -mcpu=cortex-m4 -std=gnu11 -g3 -DDEBUG -DUSE_HAL_DRIVER -DSTM32G474xx -c -I../Core/Inc -I../Drivers/STM32G4xx_HAL_Driver/Inc -I../Drivers/STM32G4xx_HAL_Driver/Inc/Legacy -I../Drivers/CMSIS/Device/ST/STM32G4xx/Include -I../Drivers/CMSIS/Include -O0 -ffunction-sections -fdata-sections -Wall -fstack-usage -fcyclomatic-complexity -MMD -MP -MF"Core/Src/stm32g4xx_it.d" -MT"Core/Src/stm32g4xx_it.o" --specs=nano.specs -mfpu=fpv4-sp-d16 -mfloat-abi=hard -mthumb -o "Core/Src/stm32g4xx_it.o"
arm-none-eabi-gcc "../Core/Src/system_stm32g4xx.c" -mcpu=cortex-m4 -std=gnu11 -g3 -DDEBUG -DUSE_HAL_DRIVER -DSTM32G474xx -c -I../Core/Inc -I../Drivers/STM32G4xx_HAL_Driver/Inc -I../Drivers/STM32G4xx_HAL_Driver/Inc/Legacy -I../Drivers/CMSIS/Device/ST/STM32G4xx/Include -I../Drivers/CMSIS/Include -O0 -ffunction-sections -fdata-sections -Wall -fstack-usage -fcyclomatic-complexity -MMD -MP -MF"Core/Src/system_stm32g4xx.d" -MT"Core/Src/system_stm32g4xx.o" --specs=nano.specs -mfpu=fpv4-sp-d16 -mfloat-abi=hard -mthumb -o "Core/Src/system_stm32g4xx.o"
../Core/Src/main.c: In function 'main':
../Core/Src/main.c:110:3: warning: implicit declaration of function 'HAL_TIM_PWM_Start'; did you mean 'HAL_DMA_Start'? [-Wimplicit-function-declaration]
  110 |   HAL_TIM_PWM_Start(&htim2, TIM_CHANNEL_3);
      |   ^~~~~~~~~~~~~~~~~
      |   HAL_DMA_Start
../Core/Src/main.c:110:22: error: 'htim2' undeclared (first use in this function)
  110 |   HAL_TIM_PWM_Start(&htim2, TIM_CHANNEL_3);
      |                      ^~~~~
../Core/Src/main.c:110:22: note: each undeclared identifier is reported only once for each function it appears in
../Core/Src/main.c:110:29: error: 'TIM_CHANNEL_3' undeclared (first use in this function)
  110 |   HAL_TIM_PWM_Start(&htim2, TIM_CHANNEL_3);
      |                             ^~~~~~~~~~~~~
../Core/Src/main.c:175:19: warning: implicit declaration of function 'sprintf' [-Wimplicit-function-declaration]
  175 |                   sprintf(tx_buffer, "%d", rec_buff[j]);
      |                   ^~~~~~~
../Core/Src/main.c:21:1: note: include '<stdio.h>' or provide a declaration of 'sprintf'
   20 | #include "main.h"
  +++ |+#include <stdio.h>
   21 | 
../Core/Src/main.c:175:19: warning: incompatible implicit declaration of built-in function 'sprintf' [-Wbuiltin-declaration-mismatch]
  175 |                   sprintf(tx_buffer, "%d", rec_buff[j]);
      |                   ^~~~~~~
../Core/Src/main.c:175:19: note: include '<stdio.h>' or provide a declaration of 'sprintf'
../Core/Src/main.c:188:19: warning: incompatible implicit declaration of built-in function 'sprintf' [-Wbuiltin-declaration-mismatch]
  188 |                   sprintf(tx_buffer, "%d", rec_sums[j]);
      |                   ^~~~~~~
../Core/Src/main.c:188:19: note: include '<stdio.h>' or provide a declaration of 'sprintf'
make: *** [Core/Src/subdir.mk:34: Core/Src/main.o] Error 1
make: *** Waiting for unfinished jobs....
"make -j12 all" terminated with exit code 2. Build might be incomplete.
14:30:59 **** Incremental Build of configuration Debug for project Laser_Receiver_prot_PPM_1 ****
make -j12 all 
arm-none-eabi-gcc "../Core/Src/main.c" -mcpu=cortex-m4 -std=gnu11 -g3 -DDEBUG -DUSE_HAL_DRIVER -DSTM32G474xx -c -I../Core/Inc -I../Drivers/STM32G4xx_HAL_Driver/Inc -I../Drivers/STM32G4xx_HAL_Driver/Inc/Legacy -I../Drivers/CMSIS/Device/ST/STM32G4xx/Include -I../Drivers/CMSIS/Include -O0 -ffunction-sections -fdata-sections -Wall -fstack-usage -fcyclomatic-complexity -MMD -MP -MF"Core/Src/main.d" -MT"Core/Src/main.o" --specs=nano.specs -mfpu=fpv4-sp-d16 -mfloat-abi=hard -mthumb -o "Core/Src/main.o"
../Core/Src/main.c: In function 'main':
../Core/Src/main.c:175:19: warning: implicit declaration of function 'sprintf' [-Wimplicit-function-declaration]
  175 |                   sprintf(tx_buffer, "%d", rec_buff[j]);
      |                   ^~~~~~~
../Core/Src/main.c:21:1: note: include '<stdio.h>' or provide a declaration of 'sprintf'
   20 | #include "main.h"
  +++ |+#include <stdio.h>
   21 | 
../Core/Src/main.c:175:19: warning: incompatible implicit declaration of built-in function 'sprintf' [-Wbuiltin-declaration-mismatch]
  175 |                   sprintf(tx_buffer, "%d", rec_buff[j]);
      |                   ^~~~~~~
../Core/Src/main.c:175:19: note: include '<stdio.h>' or provide a declaration of 'sprintf'
../Core/Src/main.c:188:19: warning: incompatible implicit declaration of built-in function 'sprintf' [-Wbuiltin-declaration-mismatch]
  188 |                   sprintf(tx_buffer, "%d", rec_sums[j]);
      |                   ^~~~~~~
../Core/Src/main.c:188:19: note: include '<stdio.h>' or provide a declaration of 'sprintf'
arm-none-eabi-gcc -o "Laser_Receiver_prot_PPM_1.elf" @"objects.list"   -mcpu=cortex-m4 -T"C:\Users\arsen\STM32CubeIDE\workspace_1.18.0\Laser_Receiver_prot_PPM_1\STM32G474RETX_FLASH.ld" --specs=nosys.specs -Wl,-Map="Laser_Receiver_prot_PPM_1.map" -Wl,--gc-sections -static --specs=nano.specs -mfpu=fpv4-sp-d16 -mfloat-abi=hard -mthumb -Wl,--start-group -lc -lm -Wl,--end-group
Finished building target: Laser_Receiver_prot_PPM_1.elf
 
arm-none-eabi-size  Laser_Receiver_prot_PPM_1.elf 
arm-none-eabi-objdump -h -S Laser_Receiver_prot_PPM_1.elf  > "Laser_Receiver_prot_PPM_1.list"
   text	   data	    bss	    dec	    hex	filename
  19888	     92	   2320	  22300	   571c	Laser_Receiver_prot_PPM_1.elf
Finished building: default.size.stdout
 
Finished building: Laser_Receiver_prot_PPM_1.list
 
14:31:28 **** Incremental Build of configuration Debug for project Laser_Receiver_prot_PPM_1 ****
make -j12 all 
arm-none-eabi-gcc "../Core/Src/main.c" -mcpu=cortex-m4 -std=gnu11 -g3 -DDEBUG -DUSE_HAL_DRIVER -DSTM32G474xx -c -I../Core/Inc -I../Drivers/STM32G4xx_HAL_Driver/Inc -I../Drivers/STM32G4xx_HAL_Driver/Inc/Legacy -I../Drivers/CMSIS/Device/ST/STM32G4xx/Include -I../Drivers/CMSIS/Include -O0 -ffunction-sections -fdata-sections -Wall -fstack-usage -fcyclomatic-complexity -MMD -MP -MF"Core/Src/main.d" -MT"Core/Src/main.o" --specs=nano.specs -mfpu=fpv4-sp-d16 -mfloat-abi=hard -mthumb -o "Core/Src/main.o"
arm-none-eabi-gcc -o "Laser_Receiver_prot_PPM_1.elf" @"objects.list"   -mcpu=cortex-m4 -T"C:\Users\arsen\STM32CubeIDE\workspace_1.18.0\Laser_Receiver_prot_PPM_1\STM32G474RETX_FLASH.ld" --specs=nosys.specs -Wl,-Map="Laser_Receiver_prot_PPM_1.map" -Wl,--gc-sections -static --specs=nano.specs -mfpu=fpv4-sp-d16 -mfloat-abi=hard -mthumb -Wl,--start-group -lc -lm -Wl,--end-group
Finished building target: Laser_Receiver_prot_PPM_1.elf
 
arm-none-eabi-size  Laser_Receiver_prot_PPM_1.elf 
arm-none-eabi-objdump -h -S Laser_Receiver_prot_PPM_1.elf  > "Laser_Receiver_prot_PPM_1.list"
   text	   data	    bss	    dec	    hex	filename
  19888	     92	   2320	  22300	   571c	Laser_Receiver_prot_PPM_1.elf
Finished building: default.size.stdout
 
Finished building: Laser_Receiver_prot_PPM_1.list
 
14:34:59 **** Incremental Build of configuration Debug for project Laser_Receiver_prot_PPM_1 ****
make -j12 all 
arm-none-eabi-gcc "../Core/Src/main.c" -mcpu=cortex-m4 -std=gnu11 -g3 -DDEBUG -DUSE_HAL_DRIVER -DSTM32G474xx -c -I../Core/Inc -I../Drivers/STM32G4xx_HAL_Driver/Inc -I../Drivers/STM32G4xx_HAL_Driver/Inc/Legacy -I../Drivers/CMSIS/Device/ST/STM32G4xx/Include -I../Drivers/CMSIS/Include -O0 -ffunction-sections -fdata-sections -Wall -fstack-usage -fcyclomatic-complexity -MMD -MP -MF"Core/Src/main.d" -MT"Core/Src/main.o" --specs=nano.specs -mfpu=fpv4-sp-d16 -mfloat-abi=hard -mthumb -o "Core/Src/main.o"
arm-none-eabi-gcc -o "Laser_Receiver_prot_PPM_1.elf" @"objects.list"   -mcpu=cortex-m4 -T"C:\Users\arsen\STM32CubeIDE\workspace_1.18.0\Laser_Receiver_prot_PPM_1\STM32G474RETX_FLASH.ld" --specs=nosys.specs -Wl,-Map="Laser_Receiver_prot_PPM_1.map" -Wl,--gc-sections -static --specs=nano.specs -mfpu=fpv4-sp-d16 -mfloat-abi=hard -mthumb -Wl,--start-group -lc -lm -Wl,--end-group
Finished building target: Laser_Receiver_prot_PPM_1.elf
 
arm-none-eabi-size  Laser_Receiver_prot_PPM_1.elf 
arm-none-eabi-objdump -h -S Laser_Receiver_prot_PPM_1.elf  > "Laser_Receiver_prot_PPM_1.list"
   text	   data	    bss	    dec	    hex	filename
  19924	     92	   2320	  22336	   5740	Laser_Receiver_prot_PPM_1.elf
Finished building: default.size.stdout
 
Finished building: Laser_Receiver_prot_PPM_1.list
 
14:37:37 **** Incremental Build of configuration Debug for project Laser_Receiver_prot_PPM_1 ****
make -j12 all 
arm-none-eabi-gcc "../Core/Src/main.c" -mcpu=cortex-m4 -std=gnu11 -g3 -DDEBUG -DUSE_HAL_DRIVER -DSTM32G474xx -c -I../Core/Inc -I../Drivers/STM32G4xx_HAL_Driver/Inc -I../Drivers/STM32G4xx_HAL_Driver/Inc/Legacy -I../Drivers/CMSIS/Device/ST/STM32G4xx/Include -I../Drivers/CMSIS/Include -O0 -ffunction-sections -fdata-sections -Wall -fstack-usage -fcyclomatic-complexity -MMD -MP -MF"Core/Src/main.d" -MT"Core/Src/main.o" --specs=nano.specs -mfpu=fpv4-sp-d16 -mfloat-abi=hard -mthumb -o "Core/Src/main.o"
arm-none-eabi-gcc -o "Laser_Receiver_prot_PPM_1.elf" @"objects.list"   -mcpu=cortex-m4 -T"C:\Users\arsen\STM32CubeIDE\workspace_1.18.0\Laser_Receiver_prot_PPM_1\STM32G474RETX_FLASH.ld" --specs=nosys.specs -Wl,-Map="Laser_Receiver_prot_PPM_1.map" -Wl,--gc-sections -static --specs=nano.specs -mfpu=fpv4-sp-d16 -mfloat-abi=hard -mthumb -u _printf_float -Wl,--start-group -lc -lm -Wl,--end-group
Finished building target: Laser_Receiver_prot_PPM_1.elf
 
arm-none-eabi-size  Laser_Receiver_prot_PPM_1.elf 
arm-none-eabi-objdump -h -S Laser_Receiver_prot_PPM_1.elf  > "Laser_Receiver_prot_PPM_1.list"
   text	   data	    bss	    dec	    hex	filename
  30292	    468	   2328	  33088	   8140	Laser_Receiver_prot_PPM_1.elf
Finished building: default.size.stdout
 
Finished building: Laser_Receiver_prot_PPM_1.list
 
14:43:20 **** Incremental Build of configuration Debug for project Laser_Receiver_prot_PPM_1 ****
make -j12 all 
arm-none-eabi-gcc "../Core/Src/main.c" -mcpu=cortex-m4 -std=gnu11 -g3 -DDEBUG -DUSE_HAL_DRIVER -DSTM32G474xx -c -I../Core/Inc -I../Drivers/STM32G4xx_HAL_Driver/Inc -I../Drivers/STM32G4xx_HAL_Driver/Inc/Legacy -I../Drivers/CMSIS/Device/ST/STM32G4xx/Include -I../Drivers/CMSIS/Include -O0 -ffunction-sections -fdata-sections -Wall -fstack-usage -fcyclomatic-complexity -MMD -MP -MF"Core/Src/main.d" -MT"Core/Src/main.o" --specs=nano.specs -mfpu=fpv4-sp-d16 -mfloat-abi=hard -mthumb -o "Core/Src/main.o"
arm-none-eabi-gcc -o "Laser_Receiver_prot_PPM_1.elf" @"objects.list"   -mcpu=cortex-m4 -T"C:\Users\arsen\STM32CubeIDE\workspace_1.18.0\Laser_Receiver_prot_PPM_1\STM32G474RETX_FLASH.ld" --specs=nosys.specs -Wl,-Map="Laser_Receiver_prot_PPM_1.map" -Wl,--gc-sections -static --specs=nano.specs -mfpu=fpv4-sp-d16 -mfloat-abi=hard -mthumb -u _printf_float -Wl,--start-group -lc -lm -Wl,--end-group
Finished building target: Laser_Receiver_prot_PPM_1.elf
 
arm-none-eabi-size  Laser_Receiver_prot_PPM_1.elf 
arm-none-eabi-objdump -h -S Laser_Receiver_prot_PPM_1.elf  > "Laser_Receiver_prot_PPM_1.list"
   text	   data	    bss	    dec	    hex	filename
  30204	    468	   2328	  33000	   80e8	Laser_Receiver_prot_PPM_1.elf
Finished building: default.size.stdout
 
Finished building: Laser_Receiver_prot_PPM_1.list
 
14:49:24 **** Incremental Build of configuration Debug for project Laser_Receiver_prot_PPM_1 ****
make -j12 all 
arm-none-eabi-gcc "../Core/Src/main.c" -mcpu=cortex-m4 -std=gnu11 -g3 -DDEBUG -DUSE_HAL_DRIVER -DSTM32G474xx -c -I../Core/Inc -I../Drivers/STM32G4xx_HAL_Driver/Inc -I../Drivers/STM32G4xx_HAL_Driver/Inc/Legacy -I../Drivers/CMSIS/Device/ST/STM32G4xx/Include -I../Drivers/CMSIS/Include -O0 -ffunction-sections -fdata-sections -Wall -fstack-usage -fcyclomatic-complexity -MMD -MP -MF"Core/Src/main.d" -MT"Core/Src/main.o" --specs=nano.specs -mfpu=fpv4-sp-d16 -mfloat-abi=hard -mthumb -o "Core/Src/main.o"
arm-none-eabi-gcc -o "Laser_Receiver_prot_PPM_1.elf" @"objects.list"   -mcpu=cortex-m4 -T"C:\Users\arsen\STM32CubeIDE\workspace_1.18.0\Laser_Receiver_prot_PPM_1\STM32G474RETX_FLASH.ld" --specs=nosys.specs -Wl,-Map="Laser_Receiver_prot_PPM_1.map" -Wl,--gc-sections -static --specs=nano.specs -mfpu=fpv4-sp-d16 -mfloat-abi=hard -mthumb -u _printf_float -Wl,--start-group -lc -lm -Wl,--end-group
Finished building target: Laser_Receiver_prot_PPM_1.elf
 
arm-none-eabi-size  Laser_Receiver_prot_PPM_1.elf 
arm-none-eabi-objdump -h -S Laser_Receiver_prot_PPM_1.elf  > "Laser_Receiver_prot_PPM_1.list"
   text	   data	    bss	    dec	    hex	filename
  30228	    468	   2328	  33024	   8100	Laser_Receiver_prot_PPM_1.elf
Finished building: default.size.stdout
 
Finished building: Laser_Receiver_prot_PPM_1.list
 
14:55:14 **** Incremental Build of configuration Debug for project Laser_Receiver_prot_PPM_1 ****
make -j12 all 
arm-none-eabi-gcc "../Core/Src/main.c" -mcpu=cortex-m4 -std=gnu11 -g3 -DDEBUG -DUSE_HAL_DRIVER -DSTM32G474xx -c -I../Core/Inc -I../Drivers/STM32G4xx_HAL_Driver/Inc -I../Drivers/STM32G4xx_HAL_Driver/Inc/Legacy -I../Drivers/CMSIS/Device/ST/STM32G4xx/Include -I../Drivers/CMSIS/Include -O0 -ffunction-sections -fdata-sections -Wall -fstack-usage -fcyclomatic-complexity -MMD -MP -MF"Core/Src/main.d" -MT"Core/Src/main.o" --specs=nano.specs -mfpu=fpv4-sp-d16 -mfloat-abi=hard -mthumb -o "Core/Src/main.o"
arm-none-eabi-gcc -o "Laser_Receiver_prot_PPM_1.elf" @"objects.list"   -mcpu=cortex-m4 -T"C:\Users\arsen\STM32CubeIDE\workspace_1.18.0\Laser_Receiver_prot_PPM_1\STM32G474RETX_FLASH.ld" --specs=nosys.specs -Wl,-Map="Laser_Receiver_prot_PPM_1.map" -Wl,--gc-sections -static --specs=nano.specs -mfpu=fpv4-sp-d16 -mfloat-abi=hard -mthumb -u _printf_float -Wl,--start-group -lc -lm -Wl,--end-group
Finished building target: Laser_Receiver_prot_PPM_1.elf
 
arm-none-eabi-size  Laser_Receiver_prot_PPM_1.elf 
arm-none-eabi-objdump -h -S Laser_Receiver_prot_PPM_1.elf  > "Laser_Receiver_prot_PPM_1.list"
   text	   data	    bss	    dec	    hex	filename
  30236	    468	   2328	  33032	   8108	Laser_Receiver_prot_PPM_1.elf
Finished building: default.size.stdout
 
Finished building: Laser_Receiver_prot_PPM_1.list
 
14:57:17 **** Incremental Build of configuration Debug for project Laser_Receiver_prot_PPM_1 ****
make -j12 all 
arm-none-eabi-gcc "../Core/Src/main.c" -mcpu=cortex-m4 -std=gnu11 -g3 -DDEBUG -DUSE_HAL_DRIVER -DSTM32G474xx -c -I../Core/Inc -I../Drivers/STM32G4xx_HAL_Driver/Inc -I../Drivers/STM32G4xx_HAL_Driver/Inc/Legacy -I../Drivers/CMSIS/Device/ST/STM32G4xx/Include -I../Drivers/CMSIS/Include -O0 -ffunction-sections -fdata-sections -Wall -fstack-usage -fcyclomatic-complexity -MMD -MP -MF"Core/Src/main.d" -MT"Core/Src/main.o" --specs=nano.specs -mfpu=fpv4-sp-d16 -mfloat-abi=hard -mthumb -o "Core/Src/main.o"
arm-none-eabi-gcc -o "Laser_Receiver_prot_PPM_1.elf" @"objects.list"   -mcpu=cortex-m4 -T"C:\Users\arsen\STM32CubeIDE\workspace_1.18.0\Laser_Receiver_prot_PPM_1\STM32G474RETX_FLASH.ld" --specs=nosys.specs -Wl,-Map="Laser_Receiver_prot_PPM_1.map" -Wl,--gc-sections -static --specs=nano.specs -mfpu=fpv4-sp-d16 -mfloat-abi=hard -mthumb -u _printf_float -Wl,--start-group -lc -lm -Wl,--end-group
Finished building target: Laser_Receiver_prot_PPM_1.elf
 
arm-none-eabi-size  Laser_Receiver_prot_PPM_1.elf 
arm-none-eabi-objdump -h -S Laser_Receiver_prot_PPM_1.elf  > "Laser_Receiver_prot_PPM_1.list"
   text	   data	    bss	    dec	    hex	filename
  30236	    468	   2328	  33032	   8108	Laser_Receiver_prot_PPM_1.elf
Finished building: default.size.stdout
 
Finished building: Laser_Receiver_prot_PPM_1.list
 
14:58:35 **** Incremental Build of configuration Debug for project Laser_Receiver_prot_PPM_1 ****
make -j12 all 
arm-none-eabi-gcc "../Core/Src/main.c" -mcpu=cortex-m4 -std=gnu11 -g3 -DDEBUG -DUSE_HAL_DRIVER -DSTM32G474xx -c -I../Core/Inc -I../Drivers/STM32G4xx_HAL_Driver/Inc -I../Drivers/STM32G4xx_HAL_Driver/Inc/Legacy -I../Drivers/CMSIS/Device/ST/STM32G4xx/Include -I../Drivers/CMSIS/Include -O0 -ffunction-sections -fdata-sections -Wall -fstack-usage -fcyclomatic-complexity -MMD -MP -MF"Core/Src/main.d" -MT"Core/Src/main.o" --specs=nano.specs -mfpu=fpv4-sp-d16 -mfloat-abi=hard -mthumb -o "Core/Src/main.o"
arm-none-eabi-gcc -o "Laser_Receiver_prot_PPM_1.elf" @"objects.list"   -mcpu=cortex-m4 -T"C:\Users\arsen\STM32CubeIDE\workspace_1.18.0\Laser_Receiver_prot_PPM_1\STM32G474RETX_FLASH.ld" --specs=nosys.specs -Wl,-Map="Laser_Receiver_prot_PPM_1.map" -Wl,--gc-sections -static --specs=nano.specs -mfpu=fpv4-sp-d16 -mfloat-abi=hard -mthumb -u _printf_float -Wl,--start-group -lc -lm -Wl,--end-group
Finished building target: Laser_Receiver_prot_PPM_1.elf
 
arm-none-eabi-size  Laser_Receiver_prot_PPM_1.elf 
arm-none-eabi-objdump -h -S Laser_Receiver_prot_PPM_1.elf  > "Laser_Receiver_prot_PPM_1.list"
   text	   data	    bss	    dec	    hex	filename
  30236	    468	   2328	  33032	   8108	Laser_Receiver_prot_PPM_1.elf
Finished building: default.size.stdout
 
Finished building: Laser_Receiver_prot_PPM_1.list
 
14:59:35 **** Incremental Build of configuration Debug for project Laser_Receiver_prot_PPM_1 ****
make -j12 all 
arm-none-eabi-gcc "../Core/Src/main.c" -mcpu=cortex-m4 -std=gnu11 -g3 -DDEBUG -DUSE_HAL_DRIVER -DSTM32G474xx -c -I../Core/Inc -I../Drivers/STM32G4xx_HAL_Driver/Inc -I../Drivers/STM32G4xx_HAL_Driver/Inc/Legacy -I../Drivers/CMSIS/Device/ST/STM32G4xx/Include -I../Drivers/CMSIS/Include -O0 -ffunction-sections -fdata-sections -Wall -fstack-usage -fcyclomatic-complexity -MMD -MP -MF"Core/Src/main.d" -MT"Core/Src/main.o" --specs=nano.specs -mfpu=fpv4-sp-d16 -mfloat-abi=hard -mthumb -o "Core/Src/main.o"
arm-none-eabi-gcc -o "Laser_Receiver_prot_PPM_1.elf" @"objects.list"   -mcpu=cortex-m4 -T"C:\Users\arsen\STM32CubeIDE\workspace_1.18.0\Laser_Receiver_prot_PPM_1\STM32G474RETX_FLASH.ld" --specs=nosys.specs -Wl,-Map="Laser_Receiver_prot_PPM_1.map" -Wl,--gc-sections -static --specs=nano.specs -mfpu=fpv4-sp-d16 -mfloat-abi=hard -mthumb -u _printf_float -Wl,--start-group -lc -lm -Wl,--end-group
Finished building target: Laser_Receiver_prot_PPM_1.elf
 
arm-none-eabi-size  Laser_Receiver_prot_PPM_1.elf 
arm-none-eabi-objdump -h -S Laser_Receiver_prot_PPM_1.elf  > "Laser_Receiver_prot_PPM_1.list"
   text	   data	    bss	    dec	    hex	filename
  30236	    468	   2328	  33032	   8108	Laser_Receiver_prot_PPM_1.elf
Finished building: default.size.stdout
 
Finished building: Laser_Receiver_prot_PPM_1.list
 
15:01:06 **** Incremental Build of configuration Debug for project Laser_Receiver_prot_PPM_1 ****
make -j12 all 
arm-none-eabi-gcc "../Core/Src/main.c" -mcpu=cortex-m4 -std=gnu11 -g3 -DDEBUG -DUSE_HAL_DRIVER -DSTM32G474xx -c -I../Core/Inc -I../Drivers/STM32G4xx_HAL_Driver/Inc -I../Drivers/STM32G4xx_HAL_Driver/Inc/Legacy -I../Drivers/CMSIS/Device/ST/STM32G4xx/Include -I../Drivers/CMSIS/Include -O0 -ffunction-sections -fdata-sections -Wall -fstack-usage -fcyclomatic-complexity -MMD -MP -MF"Core/Src/main.d" -MT"Core/Src/main.o" --specs=nano.specs -mfpu=fpv4-sp-d16 -mfloat-abi=hard -mthumb -o "Core/Src/main.o"
arm-none-eabi-gcc -o "Laser_Receiver_prot_PPM_1.elf" @"objects.list"   -mcpu=cortex-m4 -T"C:\Users\arsen\STM32CubeIDE\workspace_1.18.0\Laser_Receiver_prot_PPM_1\STM32G474RETX_FLASH.ld" --specs=nosys.specs -Wl,-Map="Laser_Receiver_prot_PPM_1.map" -Wl,--gc-sections -static --specs=nano.specs -mfpu=fpv4-sp-d16 -mfloat-abi=hard -mthumb -u _printf_float -Wl,--start-group -lc -lm -Wl,--end-group
Finished building target: Laser_Receiver_prot_PPM_1.elf
 
arm-none-eabi-size  Laser_Receiver_prot_PPM_1.elf 
arm-none-eabi-objdump -h -S Laser_Receiver_prot_PPM_1.elf  > "Laser_Receiver_prot_PPM_1.list"
   text	   data	    bss	    dec	    hex	filename
  30236	    468	   2328	  33032	   8108	Laser_Receiver_prot_PPM_1.elf
Finished building: default.size.stdout
 
Finished building: Laser_Receiver_prot_PPM_1.list
 
15:02:58 **** Incremental Build of configuration Debug for project Laser_Receiver_prot_PPM_1 ****
make -j12 all 
arm-none-eabi-gcc "../Core/Src/main.c" -mcpu=cortex-m4 -std=gnu11 -g3 -DDEBUG -DUSE_HAL_DRIVER -DSTM32G474xx -c -I../Core/Inc -I../Drivers/STM32G4xx_HAL_Driver/Inc -I../Drivers/STM32G4xx_HAL_Driver/Inc/Legacy -I../Drivers/CMSIS/Device/ST/STM32G4xx/Include -I../Drivers/CMSIS/Include -O0 -ffunction-sections -fdata-sections -Wall -fstack-usage -fcyclomatic-complexity -MMD -MP -MF"Core/Src/main.d" -MT"Core/Src/main.o" --specs=nano.specs -mfpu=fpv4-sp-d16 -mfloat-abi=hard -mthumb -o "Core/Src/main.o"
arm-none-eabi-gcc -o "Laser_Receiver_prot_PPM_1.elf" @"objects.list"   -mcpu=cortex-m4 -T"C:\Users\arsen\STM32CubeIDE\workspace_1.18.0\Laser_Receiver_prot_PPM_1\STM32G474RETX_FLASH.ld" --specs=nosys.specs -Wl,-Map="Laser_Receiver_prot_PPM_1.map" -Wl,--gc-sections -static --specs=nano.specs -mfpu=fpv4-sp-d16 -mfloat-abi=hard -mthumb -u _printf_float -Wl,--start-group -lc -lm -Wl,--end-group
Finished building target: Laser_Receiver_prot_PPM_1.elf
 
arm-none-eabi-size  Laser_Receiver_prot_PPM_1.elf 
arm-none-eabi-objdump -h -S Laser_Receiver_prot_PPM_1.elf  > "Laser_Receiver_prot_PPM_1.list"
   text	   data	    bss	    dec	    hex	filename
  30236	    468	   2328	  33032	   8108	Laser_Receiver_prot_PPM_1.elf
Finished building: default.size.stdout
 
Finished building: Laser_Receiver_prot_PPM_1.list
 
15:03:57 **** Incremental Build of configuration Debug for project Laser_Receiver_prot_PPM_1 ****
make -j12 all 
arm-none-eabi-gcc "../Core/Src/main.c" -mcpu=cortex-m4 -std=gnu11 -g3 -DDEBUG -DUSE_HAL_DRIVER -DSTM32G474xx -c -I../Core/Inc -I../Drivers/STM32G4xx_HAL_Driver/Inc -I../Drivers/STM32G4xx_HAL_Driver/Inc/Legacy -I../Drivers/CMSIS/Device/ST/STM32G4xx/Include -I../Drivers/CMSIS/Include -O0 -ffunction-sections -fdata-sections -Wall -fstack-usage -fcyclomatic-complexity -MMD -MP -MF"Core/Src/main.d" -MT"Core/Src/main.o" --specs=nano.specs -mfpu=fpv4-sp-d16 -mfloat-abi=hard -mthumb -o "Core/Src/main.o"
arm-none-eabi-gcc -o "Laser_Receiver_prot_PPM_1.elf" @"objects.list"   -mcpu=cortex-m4 -T"C:\Users\arsen\STM32CubeIDE\workspace_1.18.0\Laser_Receiver_prot_PPM_1\STM32G474RETX_FLASH.ld" --specs=nosys.specs -Wl,-Map="Laser_Receiver_prot_PPM_1.map" -Wl,--gc-sections -static --specs=nano.specs -mfpu=fpv4-sp-d16 -mfloat-abi=hard -mthumb -u _printf_float -Wl,--start-group -lc -lm -Wl,--end-group
Finished building target: Laser_Receiver_prot_PPM_1.elf
 
arm-none-eabi-size  Laser_Receiver_prot_PPM_1.elf 
arm-none-eabi-objdump -h -S Laser_Receiver_prot_PPM_1.elf  > "Laser_Receiver_prot_PPM_1.list"
   text	   data	    bss	    dec	    hex	filename
  30236	    468	   2328	  33032	   8108	Laser_Receiver_prot_PPM_1.elf
Finished building: default.size.stdout
 
Finished building: Laser_Receiver_prot_PPM_1.list
 
15:05:02 **** Incremental Build of configuration Debug for project Laser_Receiver_prot_PPM_1 ****
make -j12 all 
arm-none-eabi-gcc "../Core/Src/main.c" -mcpu=cortex-m4 -std=gnu11 -g3 -DDEBUG -DUSE_HAL_DRIVER -DSTM32G474xx -c -I../Core/Inc -I../Drivers/STM32G4xx_HAL_Driver/Inc -I../Drivers/STM32G4xx_HAL_Driver/Inc/Legacy -I../Drivers/CMSIS/Device/ST/STM32G4xx/Include -I../Drivers/CMSIS/Include -O0 -ffunction-sections -fdata-sections -Wall -fstack-usage -fcyclomatic-complexity -MMD -MP -MF"Core/Src/main.d" -MT"Core/Src/main.o" --specs=nano.specs -mfpu=fpv4-sp-d16 -mfloat-abi=hard -mthumb -o "Core/Src/main.o"
arm-none-eabi-gcc -o "Laser_Receiver_prot_PPM_1.elf" @"objects.list"   -mcpu=cortex-m4 -T"C:\Users\arsen\STM32CubeIDE\workspace_1.18.0\Laser_Receiver_prot_PPM_1\STM32G474RETX_FLASH.ld" --specs=nosys.specs -Wl,-Map="Laser_Receiver_prot_PPM_1.map" -Wl,--gc-sections -static --specs=nano.specs -mfpu=fpv4-sp-d16 -mfloat-abi=hard -mthumb -u _printf_float -Wl,--start-group -lc -lm -Wl,--end-group
Finished building target: Laser_Receiver_prot_PPM_1.elf
 
arm-none-eabi-size  Laser_Receiver_prot_PPM_1.elf 
arm-none-eabi-objdump -h -S Laser_Receiver_prot_PPM_1.elf  > "Laser_Receiver_prot_PPM_1.list"
   text	   data	    bss	    dec	    hex	filename
  30236	    468	   2328	  33032	   8108	Laser_Receiver_prot_PPM_1.elf
Finished building: default.size.stdout
 
Finished building: Laser_Receiver_prot_PPM_1.list
 
15:06:12 **** Incremental Build of configuration Debug for project Laser_Receiver_prot_PPM_1 ****
make -j12 all 
arm-none-eabi-gcc "../Core/Src/main.c" -mcpu=cortex-m4 -std=gnu11 -g3 -DDEBUG -DUSE_HAL_DRIVER -DSTM32G474xx -c -I../Core/Inc -I../Drivers/STM32G4xx_HAL_Driver/Inc -I../Drivers/STM32G4xx_HAL_Driver/Inc/Legacy -I../Drivers/CMSIS/Device/ST/STM32G4xx/Include -I../Drivers/CMSIS/Include -O0 -ffunction-sections -fdata-sections -Wall -fstack-usage -fcyclomatic-complexity -MMD -MP -MF"Core/Src/main.d" -MT"Core/Src/main.o" --specs=nano.specs -mfpu=fpv4-sp-d16 -mfloat-abi=hard -mthumb -o "Core/Src/main.o"
arm-none-eabi-gcc -o "Laser_Receiver_prot_PPM_1.elf" @"objects.list"   -mcpu=cortex-m4 -T"C:\Users\arsen\STM32CubeIDE\workspace_1.18.0\Laser_Receiver_prot_PPM_1\STM32G474RETX_FLASH.ld" --specs=nosys.specs -Wl,-Map="Laser_Receiver_prot_PPM_1.map" -Wl,--gc-sections -static --specs=nano.specs -mfpu=fpv4-sp-d16 -mfloat-abi=hard -mthumb -u _printf_float -Wl,--start-group -lc -lm -Wl,--end-group
Finished building target: Laser_Receiver_prot_PPM_1.elf
 
arm-none-eabi-size  Laser_Receiver_prot_PPM_1.elf 
arm-none-eabi-objdump -h -S Laser_Receiver_prot_PPM_1.elf  > "Laser_Receiver_prot_PPM_1.list"
   text	   data	    bss	    dec	    hex	filename
  30236	    468	   2328	  33032	   8108	Laser_Receiver_prot_PPM_1.elf
Finished building: default.size.stdout
 
Finished building: Laser_Receiver_prot_PPM_1.list
 
15:08:14 **** Incremental Build of configuration Debug for project Laser_Receiver_prot_PPM_1 ****
make -j12 all 
arm-none-eabi-gcc "../Core/Src/main.c" -mcpu=cortex-m4 -std=gnu11 -g3 -DDEBUG -DUSE_HAL_DRIVER -DSTM32G474xx -c -I../Core/Inc -I../Drivers/STM32G4xx_HAL_Driver/Inc -I../Drivers/STM32G4xx_HAL_Driver/Inc/Legacy -I../Drivers/CMSIS/Device/ST/STM32G4xx/Include -I../Drivers/CMSIS/Include -O0 -ffunction-sections -fdata-sections -Wall -fstack-usage -fcyclomatic-complexity -MMD -MP -MF"Core/Src/main.d" -MT"Core/Src/main.o" --specs=nano.specs -mfpu=fpv4-sp-d16 -mfloat-abi=hard -mthumb -o "Core/Src/main.o"
arm-none-eabi-gcc -o "Laser_Receiver_prot_PPM_1.elf" @"objects.list"   -mcpu=cortex-m4 -T"C:\Users\arsen\STM32CubeIDE\workspace_1.18.0\Laser_Receiver_prot_PPM_1\STM32G474RETX_FLASH.ld" --specs=nosys.specs -Wl,-Map="Laser_Receiver_prot_PPM_1.map" -Wl,--gc-sections -static --specs=nano.specs -mfpu=fpv4-sp-d16 -mfloat-abi=hard -mthumb -u _printf_float -Wl,--start-group -lc -lm -Wl,--end-group
Finished building target: Laser_Receiver_prot_PPM_1.elf
 
arm-none-eabi-size  Laser_Receiver_prot_PPM_1.elf 
arm-none-eabi-objdump -h -S Laser_Receiver_prot_PPM_1.elf  > "Laser_Receiver_prot_PPM_1.list"
   text	   data	    bss	    dec	    hex	filename
  30236	    468	   2328	  33032	   8108	Laser_Receiver_prot_PPM_1.elf
Finished building: default.size.stdout
 
Finished building: Laser_Receiver_prot_PPM_1.list
 
15:09:14 **** Incremental Build of configuration Debug for project Laser_Receiver_prot_PPM_1 ****
make -j12 all 
arm-none-eabi-gcc "../Core/Src/main.c" -mcpu=cortex-m4 -std=gnu11 -g3 -DDEBUG -DUSE_HAL_DRIVER -DSTM32G474xx -c -I../Core/Inc -I../Drivers/STM32G4xx_HAL_Driver/Inc -I../Drivers/STM32G4xx_HAL_Driver/Inc/Legacy -I../Drivers/CMSIS/Device/ST/STM32G4xx/Include -I../Drivers/CMSIS/Include -O0 -ffunction-sections -fdata-sections -Wall -fstack-usage -fcyclomatic-complexity -MMD -MP -MF"Core/Src/main.d" -MT"Core/Src/main.o" --specs=nano.specs -mfpu=fpv4-sp-d16 -mfloat-abi=hard -mthumb -o "Core/Src/main.o"
arm-none-eabi-gcc -o "Laser_Receiver_prot_PPM_1.elf" @"objects.list"   -mcpu=cortex-m4 -T"C:\Users\arsen\STM32CubeIDE\workspace_1.18.0\Laser_Receiver_prot_PPM_1\STM32G474RETX_FLASH.ld" --specs=nosys.specs -Wl,-Map="Laser_Receiver_prot_PPM_1.map" -Wl,--gc-sections -static --specs=nano.specs -mfpu=fpv4-sp-d16 -mfloat-abi=hard -mthumb -u _printf_float -Wl,--start-group -lc -lm -Wl,--end-group
Finished building target: Laser_Receiver_prot_PPM_1.elf
 
arm-none-eabi-size  Laser_Receiver_prot_PPM_1.elf 
arm-none-eabi-objdump -h -S Laser_Receiver_prot_PPM_1.elf  > "Laser_Receiver_prot_PPM_1.list"
   text	   data	    bss	    dec	    hex	filename
  30236	    468	   2328	  33032	   8108	Laser_Receiver_prot_PPM_1.elf
Finished building: default.size.stdout
 
Finished building: Laser_Receiver_prot_PPM_1.list
 
15:14:03 **** Incremental Build of configuration Debug for project Laser_Receiver_prot_PPM_1 ****
make -j12 all 
arm-none-eabi-gcc "../Core/Src/main.c" -mcpu=cortex-m4 -std=gnu11 -g3 -DDEBUG -DUSE_HAL_DRIVER -DSTM32G474xx -c -I../Core/Inc -I../Drivers/STM32G4xx_HAL_Driver/Inc -I../Drivers/STM32G4xx_HAL_Driver/Inc/Legacy -I../Drivers/CMSIS/Device/ST/STM32G4xx/Include -I../Drivers/CMSIS/Include -O0 -ffunction-sections -fdata-sections -Wall -fstack-usage -fcyclomatic-complexity -MMD -MP -MF"Core/Src/main.d" -MT"Core/Src/main.o" --specs=nano.specs -mfpu=fpv4-sp-d16 -mfloat-abi=hard -mthumb -o "Core/Src/main.o"
arm-none-eabi-gcc -o "Laser_Receiver_prot_PPM_1.elf" @"objects.list"   -mcpu=cortex-m4 -T"C:\Users\arsen\STM32CubeIDE\workspace_1.18.0\Laser_Receiver_prot_PPM_1\STM32G474RETX_FLASH.ld" --specs=nosys.specs -Wl,-Map="Laser_Receiver_prot_PPM_1.map" -Wl,--gc-sections -static --specs=nano.specs -mfpu=fpv4-sp-d16 -mfloat-abi=hard -mthumb -u _printf_float -Wl,--start-group -lc -lm -Wl,--end-group
Finished building target: Laser_Receiver_prot_PPM_1.elf
 
arm-none-eabi-size  Laser_Receiver_prot_PPM_1.elf 
arm-none-eabi-objdump -h -S Laser_Receiver_prot_PPM_1.elf  > "Laser_Receiver_prot_PPM_1.list"
   text	   data	    bss	    dec	    hex	filename
  30236	    468	   2328	  33032	   8108	Laser_Receiver_prot_PPM_1.elf
Finished building: default.size.stdout
 
Finished building: Laser_Receiver_prot_PPM_1.list
 
15:15:43 **** Incremental Build of configuration Debug for project Laser_Transmitter_prot_1 ****
make -j12 all 
arm-none-eabi-gcc "../Core/Src/main.c" -mcpu=cortex-m3 -std=gnu11 -g3 -DDEBUG -DUSE_HAL_DRIVER -DSTM32F103x6 -c -I../Core/Inc -I../Drivers/STM32F1xx_HAL_Driver/Inc/Legacy -I../Drivers/STM32F1xx_HAL_Driver/Inc -I../Drivers/CMSIS/Device/ST/STM32F1xx/Include -I../Drivers/CMSIS/Include -O0 -ffunction-sections -fdata-sections -Wall -fstack-usage -fcyclomatic-complexity -MMD -MP -MF"Core/Src/main.d" -MT"Core/Src/main.o" --specs=nano.specs -mfloat-abi=soft -mthumb -o "Core/Src/main.o"
../Core/Src/main.c:240:13: warning: 'Transmit_message_OOK' defined but not used [-Wunused-function]
  240 | static void Transmit_message_OOK(uint8_t* message, uint8_t n){
      |             ^~~~~~~~~~~~~~~~~~~~
arm-none-eabi-gcc -o "Laser_Transmitter_prot_1.elf" @"objects.list"   -mcpu=cortex-m3 -T"C:\Users\arsen\STM32CubeIDE\workspace_1.18.0\Laser_Transmitter_prot_1\STM32F103C6TX_FLASH.ld" --specs=nosys.specs -Wl,-Map="Laser_Transmitter_prot_1.map" -Wl,--gc-sections -static --specs=nano.specs -mfloat-abi=soft -mthumb -Wl,--start-group -lc -lm -Wl,--end-group
Finished building target: Laser_Transmitter_prot_1.elf
 
arm-none-eabi-size  Laser_Transmitter_prot_1.elf 
arm-none-eabi-objdump -h -S Laser_Transmitter_prot_1.elf  > "Laser_Transmitter_prot_1.list"
   text	   data	    bss	    dec	    hex	filename
   9492	     12	   1756	  11260	   2bfc	Laser_Transmitter_prot_1.elf
Finished building: default.size.stdout
 
Finished building: Laser_Transmitter_prot_1.list
 
15:16:21 **** Incremental Build of configuration Debug for project Laser_Receiver_prot_PPM_1 ****
make -j12 all 
arm-none-eabi-size  Laser_Receiver_prot_PPM_1.elf 
   text	   data	    bss	    dec	    hex	filename
  30236	    468	   2328	  33032	   8108	Laser_Receiver_prot_PPM_1.elf
Finished building: default.size.stdout
 
15:19:44 **** Incremental Build of configuration Debug for project Laser_Transmitter_prot_1 ****
make -j12 all 
arm-none-eabi-gcc "../Core/Src/main.c" -mcpu=cortex-m3 -std=gnu11 -g3 -DDEBUG -DUSE_HAL_DRIVER -DSTM32F103x6 -c -I../Core/Inc -I../Drivers/STM32F1xx_HAL_Driver/Inc/Legacy -I../Drivers/STM32F1xx_HAL_Driver/Inc -I../Drivers/CMSIS/Device/ST/STM32F1xx/Include -I../Drivers/CMSIS/Include -O0 -ffunction-sections -fdata-sections -Wall -fstack-usage -fcyclomatic-complexity -MMD -MP -MF"Core/Src/main.d" -MT"Core/Src/main.o" --specs=nano.specs -mfloat-abi=soft -mthumb -o "Core/Src/main.o"
../Core/Src/main.c:240:13: warning: 'Transmit_message_OOK' defined but not used [-Wunused-function]
  240 | static void Transmit_message_OOK(uint8_t* message, uint8_t n){
      |             ^~~~~~~~~~~~~~~~~~~~
arm-none-eabi-gcc -o "Laser_Transmitter_prot_1.elf" @"objects.list"   -mcpu=cortex-m3 -T"C:\Users\arsen\STM32CubeIDE\workspace_1.18.0\Laser_Transmitter_prot_1\STM32F103C6TX_FLASH.ld" --specs=nosys.specs -Wl,-Map="Laser_Transmitter_prot_1.map" -Wl,--gc-sections -static --specs=nano.specs -mfloat-abi=soft -mthumb -Wl,--start-group -lc -lm -Wl,--end-group
Finished building target: Laser_Transmitter_prot_1.elf
 
arm-none-eabi-size  Laser_Transmitter_prot_1.elf 
arm-none-eabi-objdump -h -S Laser_Transmitter_prot_1.elf  > "Laser_Transmitter_prot_1.list"
   text	   data	    bss	    dec	    hex	filename
   9492	     12	   1756	  11260	   2bfc	Laser_Transmitter_prot_1.elf
Finished building: default.size.stdout
 
Finished building: Laser_Transmitter_prot_1.list
 
15:22:17 **** Incremental Build of configuration Debug for project Laser_Receiver_prot_PPM_1 ****
make -j12 all 
arm-none-eabi-gcc "../Core/Src/main.c" -mcpu=cortex-m4 -std=gnu11 -g3 -DDEBUG -DUSE_HAL_DRIVER -DSTM32G474xx -c -I../Core/Inc -I../Drivers/STM32G4xx_HAL_Driver/Inc -I../Drivers/STM32G4xx_HAL_Driver/Inc/Legacy -I../Drivers/CMSIS/Device/ST/STM32G4xx/Include -I../Drivers/CMSIS/Include -O0 -ffunction-sections -fdata-sections -Wall -fstack-usage -fcyclomatic-complexity -MMD -MP -MF"Core/Src/main.d" -MT"Core/Src/main.o" --specs=nano.specs -mfpu=fpv4-sp-d16 -mfloat-abi=hard -mthumb -o "Core/Src/main.o"
arm-none-eabi-gcc -o "Laser_Receiver_prot_PPM_1.elf" @"objects.list"   -mcpu=cortex-m4 -T"C:\Users\arsen\STM32CubeIDE\workspace_1.18.0\Laser_Receiver_prot_PPM_1\STM32G474RETX_FLASH.ld" --specs=nosys.specs -Wl,-Map="Laser_Receiver_prot_PPM_1.map" -Wl,--gc-sections -static --specs=nano.specs -mfpu=fpv4-sp-d16 -mfloat-abi=hard -mthumb -u _printf_float -Wl,--start-group -lc -lm -Wl,--end-group
Finished building target: Laser_Receiver_prot_PPM_1.elf
 
arm-none-eabi-size  Laser_Receiver_prot_PPM_1.elf 
arm-none-eabi-objdump -h -S Laser_Receiver_prot_PPM_1.elf  > "Laser_Receiver_prot_PPM_1.list"
   text	   data	    bss	    dec	    hex	filename
  30220	    468	   2328	  33016	   80f8	Laser_Receiver_prot_PPM_1.elf
Finished building: default.size.stdout
 
Finished building: Laser_Receiver_prot_PPM_1.list
 
15:26:48 **** Incremental Build of configuration Debug for project Laser_Receiver_prot_PPM_1 ****
make -j12 all 
arm-none-eabi-gcc "../Core/Src/main.c" -mcpu=cortex-m4 -std=gnu11 -g3 -DDEBUG -DUSE_HAL_DRIVER -DSTM32G474xx -c -I../Core/Inc -I../Drivers/STM32G4xx_HAL_Driver/Inc -I../Drivers/STM32G4xx_HAL_Driver/Inc/Legacy -I../Drivers/CMSIS/Device/ST/STM32G4xx/Include -I../Drivers/CMSIS/Include -O0 -ffunction-sections -fdata-sections -Wall -fstack-usage -fcyclomatic-complexity -MMD -MP -MF"Core/Src/main.d" -MT"Core/Src/main.o" --specs=nano.specs -mfpu=fpv4-sp-d16 -mfloat-abi=hard -mthumb -o "Core/Src/main.o"
arm-none-eabi-gcc -o "Laser_Receiver_prot_PPM_1.elf" @"objects.list"   -mcpu=cortex-m4 -T"C:\Users\arsen\STM32CubeIDE\workspace_1.18.0\Laser_Receiver_prot_PPM_1\STM32G474RETX_FLASH.ld" --specs=nosys.specs -Wl,-Map="Laser_Receiver_prot_PPM_1.map" -Wl,--gc-sections -static --specs=nano.specs -mfpu=fpv4-sp-d16 -mfloat-abi=hard -mthumb -u _printf_float -Wl,--start-group -lc -lm -Wl,--end-group
Finished building target: Laser_Receiver_prot_PPM_1.elf
 
arm-none-eabi-size  Laser_Receiver_prot_PPM_1.elf 
arm-none-eabi-objdump -h -S Laser_Receiver_prot_PPM_1.elf  > "Laser_Receiver_prot_PPM_1.list"
   text	   data	    bss	    dec	    hex	filename
  30236	    468	   2328	  33032	   8108	Laser_Receiver_prot_PPM_1.elf
Finished building: default.size.stdout
 
Finished building: Laser_Receiver_prot_PPM_1.list
 
15:32:47 **** Incremental Build of configuration Debug for project Laser_Receiver_prot_PPM_1 ****
make -j12 all 
arm-none-eabi-gcc "../Core/Src/main.c" -mcpu=cortex-m4 -std=gnu11 -g3 -DDEBUG -DUSE_HAL_DRIVER -DSTM32G474xx -c -I../Core/Inc -I../Drivers/STM32G4xx_HAL_Driver/Inc -I../Drivers/STM32G4xx_HAL_Driver/Inc/Legacy -I../Drivers/CMSIS/Device/ST/STM32G4xx/Include -I../Drivers/CMSIS/Include -O0 -ffunction-sections -fdata-sections -Wall -fstack-usage -fcyclomatic-complexity -MMD -MP -MF"Core/Src/main.d" -MT"Core/Src/main.o" --specs=nano.specs -mfpu=fpv4-sp-d16 -mfloat-abi=hard -mthumb -o "Core/Src/main.o"
arm-none-eabi-gcc -o "Laser_Receiver_prot_PPM_1.elf" @"objects.list"   -mcpu=cortex-m4 -T"C:\Users\arsen\STM32CubeIDE\workspace_1.18.0\Laser_Receiver_prot_PPM_1\STM32G474RETX_FLASH.ld" --specs=nosys.specs -Wl,-Map="Laser_Receiver_prot_PPM_1.map" -Wl,--gc-sections -static --specs=nano.specs -mfpu=fpv4-sp-d16 -mfloat-abi=hard -mthumb -u _printf_float -Wl,--start-group -lc -lm -Wl,--end-group
Finished building target: Laser_Receiver_prot_PPM_1.elf
 
arm-none-eabi-size  Laser_Receiver_prot_PPM_1.elf 
arm-none-eabi-objdump -h -S Laser_Receiver_prot_PPM_1.elf  > "Laser_Receiver_prot_PPM_1.list"
   text	   data	    bss	    dec	    hex	filename
  30244	    468	   2328	  33040	   8110	Laser_Receiver_prot_PPM_1.elf
Finished building: default.size.stdout
 
Finished building: Laser_Receiver_prot_PPM_1.list
 
15:41:58 **** Incremental Build of configuration Debug for project Laser_Transmitter_prot_1 ****
make -j12 all 
arm-none-eabi-gcc "../Core/Src/main.c" -mcpu=cortex-m3 -std=gnu11 -g3 -DDEBUG -DUSE_HAL_DRIVER -DSTM32F103x6 -c -I../Core/Inc -I../Drivers/STM32F1xx_HAL_Driver/Inc/Legacy -I../Drivers/STM32F1xx_HAL_Driver/Inc -I../Drivers/CMSIS/Device/ST/STM32F1xx/Include -I../Drivers/CMSIS/Include -O0 -ffunction-sections -fdata-sections -Wall -fstack-usage -fcyclomatic-complexity -MMD -MP -MF"Core/Src/main.d" -MT"Core/Src/main.o" --specs=nano.specs -mfloat-abi=soft -mthumb -o "Core/Src/main.o"
../Core/Src/main.c:240:13: warning: 'Transmit_message_OOK' defined but not used [-Wunused-function]
  240 | static void Transmit_message_OOK(uint8_t* message, uint8_t n){
      |             ^~~~~~~~~~~~~~~~~~~~
arm-none-eabi-gcc -o "Laser_Transmitter_prot_1.elf" @"objects.list"   -mcpu=cortex-m3 -T"C:\Users\arsen\STM32CubeIDE\workspace_1.18.0\Laser_Transmitter_prot_1\STM32F103C6TX_FLASH.ld" --specs=nosys.specs -Wl,-Map="Laser_Transmitter_prot_1.map" -Wl,--gc-sections -static --specs=nano.specs -mfloat-abi=soft -mthumb -Wl,--start-group -lc -lm -Wl,--end-group
Finished building target: Laser_Transmitter_prot_1.elf
 
arm-none-eabi-size  Laser_Transmitter_prot_1.elf 
arm-none-eabi-objdump -h -S Laser_Transmitter_prot_1.elf  > "Laser_Transmitter_prot_1.list"
   text	   data	    bss	    dec	    hex	filename
   9436	     12	   1756	  11204	   2bc4	Laser_Transmitter_prot_1.elf
Finished building: default.size.stdout
 
Finished building: Laser_Transmitter_prot_1.list
 
15:42:22 **** Incremental Build of configuration Debug for project Laser_Receiver_prot_PPM_1 ****
make -j12 all 
arm-none-eabi-gcc "../Core/Src/main.c" -mcpu=cortex-m4 -std=gnu11 -g3 -DDEBUG -DUSE_HAL_DRIVER -DSTM32G474xx -c -I../Core/Inc -I../Drivers/STM32G4xx_HAL_Driver/Inc -I../Drivers/STM32G4xx_HAL_Driver/Inc/Legacy -I../Drivers/CMSIS/Device/ST/STM32G4xx/Include -I../Drivers/CMSIS/Include -O0 -ffunction-sections -fdata-sections -Wall -fstack-usage -fcyclomatic-complexity -MMD -MP -MF"Core/Src/main.d" -MT"Core/Src/main.o" --specs=nano.specs -mfpu=fpv4-sp-d16 -mfloat-abi=hard -mthumb -o "Core/Src/main.o"
arm-none-eabi-gcc -o "Laser_Receiver_prot_PPM_1.elf" @"objects.list"   -mcpu=cortex-m4 -T"C:\Users\arsen\STM32CubeIDE\workspace_1.18.0\Laser_Receiver_prot_PPM_1\STM32G474RETX_FLASH.ld" --specs=nosys.specs -Wl,-Map="Laser_Receiver_prot_PPM_1.map" -Wl,--gc-sections -static --specs=nano.specs -mfpu=fpv4-sp-d16 -mfloat-abi=hard -mthumb -u _printf_float -Wl,--start-group -lc -lm -Wl,--end-group
Finished building target: Laser_Receiver_prot_PPM_1.elf
 
arm-none-eabi-size  Laser_Receiver_prot_PPM_1.elf 
arm-none-eabi-objdump -h -S Laser_Receiver_prot_PPM_1.elf  > "Laser_Receiver_prot_PPM_1.list"
   text	   data	    bss	    dec	    hex	filename
  30236	    468	   2328	  33032	   8108	Laser_Receiver_prot_PPM_1.elf
Finished building: default.size.stdout
 
Finished building: Laser_Receiver_prot_PPM_1.list
 
15:53:00 **** Incremental Build of configuration Debug for project Laser_Receiver_prot_PPM_1 ****
make -j12 all 
arm-none-eabi-gcc "../Core/Src/main.c" -mcpu=cortex-m4 -std=gnu11 -g3 -DDEBUG -DUSE_HAL_DRIVER -DSTM32G474xx -c -I../Core/Inc -I../Drivers/STM32G4xx_HAL_Driver/Inc -I../Drivers/STM32G4xx_HAL_Driver/Inc/Legacy -I../Drivers/CMSIS/Device/ST/STM32G4xx/Include -I../Drivers/CMSIS/Include -O0 -ffunction-sections -fdata-sections -Wall -fstack-usage -fcyclomatic-complexity -MMD -MP -MF"Core/Src/main.d" -MT"Core/Src/main.o" --specs=nano.specs -mfpu=fpv4-sp-d16 -mfloat-abi=hard -mthumb -o "Core/Src/main.o"
arm-none-eabi-gcc -o "Laser_Receiver_prot_PPM_1.elf" @"objects.list"   -mcpu=cortex-m4 -T"C:\Users\arsen\STM32CubeIDE\workspace_1.18.0\Laser_Receiver_prot_PPM_1\STM32G474RETX_FLASH.ld" --specs=nosys.specs -Wl,-Map="Laser_Receiver_prot_PPM_1.map" -Wl,--gc-sections -static --specs=nano.specs -mfpu=fpv4-sp-d16 -mfloat-abi=hard -mthumb -u _printf_float -Wl,--start-group -lc -lm -Wl,--end-group
Finished building target: Laser_Receiver_prot_PPM_1.elf
 
arm-none-eabi-size  Laser_Receiver_prot_PPM_1.elf 
arm-none-eabi-objdump -h -S Laser_Receiver_prot_PPM_1.elf  > "Laser_Receiver_prot_PPM_1.list"
   text	   data	    bss	    dec	    hex	filename
  30236	    468	   2328	  33032	   8108	Laser_Receiver_prot_PPM_1.elf
Finished building: default.size.stdout
 
Finished building: Laser_Receiver_prot_PPM_1.list
 
15:53:53 **** Incremental Build of configuration Debug for project Laser_Receiver_prot_PPM_1 ****
make -j12 all 
arm-none-eabi-gcc "../Core/Src/main.c" -mcpu=cortex-m4 -std=gnu11 -g3 -DDEBUG -DUSE_HAL_DRIVER -DSTM32G474xx -c -I../Core/Inc -I../Drivers/STM32G4xx_HAL_Driver/Inc -I../Drivers/STM32G4xx_HAL_Driver/Inc/Legacy -I../Drivers/CMSIS/Device/ST/STM32G4xx/Include -I../Drivers/CMSIS/Include -O0 -ffunction-sections -fdata-sections -Wall -fstack-usage -fcyclomatic-complexity -MMD -MP -MF"Core/Src/main.d" -MT"Core/Src/main.o" --specs=nano.specs -mfpu=fpv4-sp-d16 -mfloat-abi=hard -mthumb -o "Core/Src/main.o"
arm-none-eabi-gcc -o "Laser_Receiver_prot_PPM_1.elf" @"objects.list"   -mcpu=cortex-m4 -T"C:\Users\arsen\STM32CubeIDE\workspace_1.18.0\Laser_Receiver_prot_PPM_1\STM32G474RETX_FLASH.ld" --specs=nosys.specs -Wl,-Map="Laser_Receiver_prot_PPM_1.map" -Wl,--gc-sections -static --specs=nano.specs -mfpu=fpv4-sp-d16 -mfloat-abi=hard -mthumb -u _printf_float -Wl,--start-group -lc -lm -Wl,--end-group
Finished building target: Laser_Receiver_prot_PPM_1.elf
 
arm-none-eabi-size  Laser_Receiver_prot_PPM_1.elf 
arm-none-eabi-objdump -h -S Laser_Receiver_prot_PPM_1.elf  > "Laser_Receiver_prot_PPM_1.list"
   text	   data	    bss	    dec	    hex	filename
  30236	    468	   2328	  33032	   8108	Laser_Receiver_prot_PPM_1.elf
Finished building: default.size.stdout
 
Finished building: Laser_Receiver_prot_PPM_1.list
 
15:54:20 **** Incremental Build of configuration Debug for project Laser_Receiver_prot_PPM_1 ****
make -j12 all 
arm-none-eabi-gcc "../Core/Src/main.c" -mcpu=cortex-m4 -std=gnu11 -g3 -DDEBUG -DUSE_HAL_DRIVER -DSTM32G474xx -c -I../Core/Inc -I../Drivers/STM32G4xx_HAL_Driver/Inc -I../Drivers/STM32G4xx_HAL_Driver/Inc/Legacy -I../Drivers/CMSIS/Device/ST/STM32G4xx/Include -I../Drivers/CMSIS/Include -O0 -ffunction-sections -fdata-sections -Wall -fstack-usage -fcyclomatic-complexity -MMD -MP -MF"Core/Src/main.d" -MT"Core/Src/main.o" --specs=nano.specs -mfpu=fpv4-sp-d16 -mfloat-abi=hard -mthumb -o "Core/Src/main.o"
arm-none-eabi-gcc -o "Laser_Receiver_prot_PPM_1.elf" @"objects.list"   -mcpu=cortex-m4 -T"C:\Users\arsen\STM32CubeIDE\workspace_1.18.0\Laser_Receiver_prot_PPM_1\STM32G474RETX_FLASH.ld" --specs=nosys.specs -Wl,-Map="Laser_Receiver_prot_PPM_1.map" -Wl,--gc-sections -static --specs=nano.specs -mfpu=fpv4-sp-d16 -mfloat-abi=hard -mthumb -u _printf_float -Wl,--start-group -lc -lm -Wl,--end-group
Finished building target: Laser_Receiver_prot_PPM_1.elf
 
arm-none-eabi-size  Laser_Receiver_prot_PPM_1.elf 
arm-none-eabi-objdump -h -S Laser_Receiver_prot_PPM_1.elf  > "Laser_Receiver_prot_PPM_1.list"
   text	   data	    bss	    dec	    hex	filename
  30236	    468	   2328	  33032	   8108	Laser_Receiver_prot_PPM_1.elf
Finished building: default.size.stdout
 
Finished building: Laser_Receiver_prot_PPM_1.list
 
15:56:09 **** Incremental Build of configuration Debug for project Laser_Receiver_prot_PPM_1 ****
make -j12 all 
arm-none-eabi-gcc "../Core/Src/main.c" -mcpu=cortex-m4 -std=gnu11 -g3 -DDEBUG -DUSE_HAL_DRIVER -DSTM32G474xx -c -I../Core/Inc -I../Drivers/STM32G4xx_HAL_Driver/Inc -I../Drivers/STM32G4xx_HAL_Driver/Inc/Legacy -I../Drivers/CMSIS/Device/ST/STM32G4xx/Include -I../Drivers/CMSIS/Include -O0 -ffunction-sections -fdata-sections -Wall -fstack-usage -fcyclomatic-complexity -MMD -MP -MF"Core/Src/main.d" -MT"Core/Src/main.o" --specs=nano.specs -mfpu=fpv4-sp-d16 -mfloat-abi=hard -mthumb -o "Core/Src/main.o"
arm-none-eabi-gcc -o "Laser_Receiver_prot_PPM_1.elf" @"objects.list"   -mcpu=cortex-m4 -T"C:\Users\arsen\STM32CubeIDE\workspace_1.18.0\Laser_Receiver_prot_PPM_1\STM32G474RETX_FLASH.ld" --specs=nosys.specs -Wl,-Map="Laser_Receiver_prot_PPM_1.map" -Wl,--gc-sections -static --specs=nano.specs -mfpu=fpv4-sp-d16 -mfloat-abi=hard -mthumb -u _printf_float -Wl,--start-group -lc -lm -Wl,--end-group
Finished building target: Laser_Receiver_prot_PPM_1.elf
 
arm-none-eabi-size  Laser_Receiver_prot_PPM_1.elf 
arm-none-eabi-objdump -h -S Laser_Receiver_prot_PPM_1.elf  > "Laser_Receiver_prot_PPM_1.list"
   text	   data	    bss	    dec	    hex	filename
  30236	    468	   2328	  33032	   8108	Laser_Receiver_prot_PPM_1.elf
Finished building: default.size.stdout
 
Finished building: Laser_Receiver_prot_PPM_1.list
 
15:57:30 **** Incremental Build of configuration Debug for project Laser_Receiver_prot_PPM_1 ****
make -j12 all 
arm-none-eabi-gcc "../Core/Src/main.c" -mcpu=cortex-m4 -std=gnu11 -g3 -DDEBUG -DUSE_HAL_DRIVER -DSTM32G474xx -c -I../Core/Inc -I../Drivers/STM32G4xx_HAL_Driver/Inc -I../Drivers/STM32G4xx_HAL_Driver/Inc/Legacy -I../Drivers/CMSIS/Device/ST/STM32G4xx/Include -I../Drivers/CMSIS/Include -O0 -ffunction-sections -fdata-sections -Wall -fstack-usage -fcyclomatic-complexity -MMD -MP -MF"Core/Src/main.d" -MT"Core/Src/main.o" --specs=nano.specs -mfpu=fpv4-sp-d16 -mfloat-abi=hard -mthumb -o "Core/Src/main.o"
arm-none-eabi-gcc -o "Laser_Receiver_prot_PPM_1.elf" @"objects.list"   -mcpu=cortex-m4 -T"C:\Users\arsen\STM32CubeIDE\workspace_1.18.0\Laser_Receiver_prot_PPM_1\STM32G474RETX_FLASH.ld" --specs=nosys.specs -Wl,-Map="Laser_Receiver_prot_PPM_1.map" -Wl,--gc-sections -static --specs=nano.specs -mfpu=fpv4-sp-d16 -mfloat-abi=hard -mthumb -u _printf_float -Wl,--start-group -lc -lm -Wl,--end-group
Finished building target: Laser_Receiver_prot_PPM_1.elf
 
arm-none-eabi-size  Laser_Receiver_prot_PPM_1.elf 
arm-none-eabi-objdump -h -S Laser_Receiver_prot_PPM_1.elf  > "Laser_Receiver_prot_PPM_1.list"
   text	   data	    bss	    dec	    hex	filename
  30236	    468	   2328	  33032	   8108	Laser_Receiver_prot_PPM_1.elf
Finished building: default.size.stdout
 
Finished building: Laser_Receiver_prot_PPM_1.list
 
