22:48:20 **** Incremental Build of configuration Debug for project Laser_Reciever_prot_OOK_1 ****
make -j12 all 
arm-none-eabi-gcc "../Core/Src/main.c" -mcpu=cortex-m4 -std=gnu11 -g3 -DDEBUG -DUSE_HAL_DRIVER -DSTM32G474xx -c -I../Core/Inc -I../Drivers/STM32G4xx_HAL_Driver/Inc -I../Drivers/STM32G4xx_HAL_Driver/Inc/Legacy -I../Drivers/CMSIS/Device/ST/STM32G4xx/Include -I../Drivers/CMSIS/Include -O0 -ffunction-sections -fdata-sections -Wall -fstack-usage -fcyclomatic-complexity -MMD -MP -MF"Core/Src/main.d" -MT"Core/Src/main.o" --specs=nano.specs -mfpu=fpv4-sp-d16 -mfloat-abi=hard -mthumb -o "Core/Src/main.o"
arm-none-eabi-gcc -o "Laser_Reciever_prot_OOK_1.elf" @"objects.list"   -mcpu=cortex-m4 -T"C:\Users\arsen\STM32CubeIDE\workspace_1.18.0\Laser_Reciever_prot_OOK_1\STM32G474RETX_FLASH.ld" --specs=nosys.specs -Wl,-Map="Laser_Reciever_prot_OOK_1.map" -Wl,--gc-sections -static --specs=nano.specs -mfpu=fpv4-sp-d16 -mfloat-abi=hard -mthumb -u _printf_float -Wl,--start-group -lc -lm -Wl,--end-group
Finished building target: Laser_Reciever_prot_OOK_1.elf
 
arm-none-eabi-size  Laser_Reciever_prot_OOK_1.elf 
arm-none-eabi-objdump -h -S Laser_Reciever_prot_OOK_1.elf  > "Laser_Reciever_prot_OOK_1.list"
   text	   data	    bss	    dec	    hex	filename
  35012	    468	   2296	  37776	   9390	Laser_Reciever_prot_OOK_1.elf
Finished building: default.size.stdout
 
Finished building: Laser_Reciever_prot_OOK_1.list
 

22:48:21 Build Finished. 0 errors, 0 warnings. (took 866ms)

